<?xml version="1.0" encoding="ISO-8859-1" ?>
<link_info>
   <banner>TI ARM Linker PC v20.2.5.LTS</banner>
   <copyright>Copyright (c) 1996-2018 Texas Instruments Incorporated</copyright>
   <link_time>0x638d59e9</link_time>
   <link_errors>0x0</link_errors>
   <output_file>lab12.out</output_file>
   <entry_point>
      <name>_c_int00_noargs</name>
      <address>0x17c5</address>
   </entry_point>
   <input_file_list>
      <input_file id="fl-2">
         <path>.\</path>
         <kind>object</kind>
         <file>Communication_Handlers.obj</file>
         <name>Communication_Handlers.obj</name>
      </input_file>
      <input_file id="fl-3">
         <path>.\</path>
         <kind>object</kind>
         <file>Communication_Interfaces.obj</file>
         <name>Communication_Interfaces.obj</name>
      </input_file>
      <input_file id="fl-4">
         <path>.\</path>
         <kind>object</kind>
         <file>Devices.obj</file>
         <name>Devices.obj</name>
      </input_file>
      <input_file id="fl-5">
         <path>.\</path>
         <kind>object</kind>
         <file>main.obj</file>
         <name>main.obj</name>
      </input_file>
      <input_file id="fl-6">
         <path>.\</path>
         <kind>object</kind>
         <file>tm4c123gh6pm_startup_ccs.obj</file>
         <name>tm4c123gh6pm_startup_ccs.obj</name>
      </input_file>
      <input_file id="fl-b">
         <kind>object</kind>
         <file>&lt;internal&gt;</file>
         <name>&lt;internal&gt;</name>
      </input_file>
      <input_file id="fl-c">
         <path>C:\ti\TivaWare_C_Series-2.2.0.295\driverlib\ccs\Debug\</path>
         <kind>archive</kind>
         <file>driverlib.lib</file>
         <name>gpio.obj</name>
      </input_file>
      <input_file id="fl-d">
         <path>C:\ti\TivaWare_C_Series-2.2.0.295\driverlib\ccs\Debug\</path>
         <kind>archive</kind>
         <file>driverlib.lib</file>
         <name>i2c.obj</name>
      </input_file>
      <input_file id="fl-e">
         <path>C:\ti\TivaWare_C_Series-2.2.0.295\driverlib\ccs\Debug\</path>
         <kind>archive</kind>
         <file>driverlib.lib</file>
         <name>interrupt.obj</name>
      </input_file>
      <input_file id="fl-f">
         <path>C:\ti\TivaWare_C_Series-2.2.0.295\driverlib\ccs\Debug\</path>
         <kind>archive</kind>
         <file>driverlib.lib</file>
         <name>sysctl.obj</name>
      </input_file>
      <input_file id="fl-10">
         <path>C:\ti\TivaWare_C_Series-2.2.0.295\driverlib\ccs\Debug\</path>
         <kind>archive</kind>
         <file>driverlib.lib</file>
         <name>uart.obj</name>
      </input_file>
      <input_file id="fl-11">
         <path>C:\ti\TivaWare_C_Series-2.2.0.295\driverlib\ccs\Debug\</path>
         <kind>archive</kind>
         <file>driverlib.lib</file>
         <name>cpu.obj</name>
      </input_file>
      <input_file id="fl-c7">
         <path>C:\ti\ccs1120\ccs\tools\compiler\ti-cgt-arm_20.2.5.LTS\lib\</path>
         <kind>archive</kind>
         <file>rtsv7M4_T_le_v4SPD16_eabi.lib</file>
         <name>pure_virt.c.obj</name>
      </input_file>
      <input_file id="fl-c8">
         <path>C:\ti\ccs1120\ccs\tools\compiler\ti-cgt-arm_20.2.5.LTS\lib\</path>
         <kind>archive</kind>
         <file>rtsv7M4_T_le_v4SPD16_eabi.lib</file>
         <name>typeinfo.c.obj</name>
      </input_file>
      <input_file id="fl-c9">
         <path>C:\ti\ccs1120\ccs\tools\compiler\ti-cgt-arm_20.2.5.LTS\lib\</path>
         <kind>archive</kind>
         <file>rtsv7M4_T_le_v4SPD16_eabi.lib</file>
         <name>stdlib_typeinfo.cpp.obj</name>
      </input_file>
      <input_file id="fl-ca">
         <path>C:\ti\ccs1120\ccs\tools\compiler\ti-cgt-arm_20.2.5.LTS\lib\</path>
         <kind>archive</kind>
         <file>rtsv7M4_T_le_v4SPD16_eabi.lib</file>
         <name>new.cpp.obj</name>
      </input_file>
      <input_file id="fl-cb">
         <path>C:\ti\ccs1120\ccs\tools\compiler\ti-cgt-arm_20.2.5.LTS\lib\</path>
         <kind>archive</kind>
         <file>rtsv7M4_T_le_v4SPD16_eabi.lib</file>
         <name>memcpy_t2.asm.obj</name>
      </input_file>
      <input_file id="fl-cc">
         <path>C:\ti\ccs1120\ccs\tools\compiler\ti-cgt-arm_20.2.5.LTS\lib\</path>
         <kind>archive</kind>
         <file>rtsv7M4_T_le_v4SPD16_eabi.lib</file>
         <name>copy_zero_init.c.obj</name>
      </input_file>
      <input_file id="fl-cd">
         <path>C:\ti\ccs1120\ccs\tools\compiler\ti-cgt-arm_20.2.5.LTS\lib\</path>
         <kind>archive</kind>
         <file>rtsv7M4_T_le_v4SPD16_eabi.lib</file>
         <name>copy_decompress_none.c.obj</name>
      </input_file>
      <input_file id="fl-ce">
         <path>C:\ti\ccs1120\ccs\tools\compiler\ti-cgt-arm_20.2.5.LTS\lib\</path>
         <kind>archive</kind>
         <file>rtsv7M4_T_le_v4SPD16_eabi.lib</file>
         <name>copy_decompress_lzss.c.obj</name>
      </input_file>
      <input_file id="fl-cf">
         <path>C:\ti\ccs1120\ccs\tools\compiler\ti-cgt-arm_20.2.5.LTS\lib\</path>
         <kind>archive</kind>
         <file>rtsv7M4_T_le_v4SPD16_eabi.lib</file>
         <name>exit.c.obj</name>
      </input_file>
      <input_file id="fl-d0">
         <path>C:\ti\ccs1120\ccs\tools\compiler\ti-cgt-arm_20.2.5.LTS\lib\</path>
         <kind>archive</kind>
         <file>rtsv7M4_T_le_v4SPD16_eabi.lib</file>
         <name>_lock.c.obj</name>
      </input_file>
      <input_file id="fl-d1">
         <path>C:\ti\ccs1120\ccs\tools\compiler\ti-cgt-arm_20.2.5.LTS\lib\</path>
         <kind>archive</kind>
         <file>rtsv7M4_T_le_v4SPD16_eabi.lib</file>
         <name>memory.c.obj</name>
      </input_file>
      <input_file id="fl-d2">
         <path>C:\ti\ccs1120\ccs\tools\compiler\ti-cgt-arm_20.2.5.LTS\lib\</path>
         <kind>archive</kind>
         <file>rtsv7M4_T_le_v4SPD16_eabi.lib</file>
         <name>boot_cortex_m.c.obj</name>
      </input_file>
      <input_file id="fl-d3">
         <path>C:\ti\ccs1120\ccs\tools\compiler\ti-cgt-arm_20.2.5.LTS\lib\</path>
         <kind>archive</kind>
         <file>rtsv7M4_T_le_v4SPD16_eabi.lib</file>
         <name>error.c.obj</name>
      </input_file>
      <input_file id="fl-d4">
         <path>C:\ti\ccs1120\ccs\tools\compiler\ti-cgt-arm_20.2.5.LTS\lib\</path>
         <kind>archive</kind>
         <file>rtsv7M4_T_le_v4SPD16_eabi.lib</file>
         <name>stdlib_exception.cpp.obj</name>
      </input_file>
      <input_file id="fl-d5">
         <path>C:\ti\ccs1120\ccs\tools\compiler\ti-cgt-arm_20.2.5.LTS\lib\</path>
         <kind>archive</kind>
         <file>rtsv7M4_T_le_v4SPD16_eabi.lib</file>
         <name>memset_t2.asm.obj</name>
      </input_file>
      <input_file id="fl-d6">
         <path>C:\ti\ccs1120\ccs\tools\compiler\ti-cgt-arm_20.2.5.LTS\lib\</path>
         <kind>archive</kind>
         <file>rtsv7M4_T_le_v4SPD16_eabi.lib</file>
         <name>autoinit.c.obj</name>
      </input_file>
      <input_file id="fl-d7">
         <path>C:\ti\ccs1120\ccs\tools\compiler\ti-cgt-arm_20.2.5.LTS\lib\</path>
         <kind>archive</kind>
         <file>rtsv7M4_T_le_v4SPD16_eabi.lib</file>
         <name>pre_init.c.obj</name>
      </input_file>
      <input_file id="fl-d8">
         <path>C:\ti\ccs1120\ccs\tools\compiler\ti-cgt-arm_20.2.5.LTS\lib\</path>
         <kind>archive</kind>
         <file>rtsv7M4_T_le_v4SPD16_eabi.lib</file>
         <name>cpy_tbl.c.obj</name>
      </input_file>
      <input_file id="fl-d9">
         <path>C:\ti\ccs1120\ccs\tools\compiler\ti-cgt-arm_20.2.5.LTS\lib\</path>
         <kind>archive</kind>
         <file>rtsv7M4_T_le_v4SPD16_eabi.lib</file>
         <name>args_main.c.obj</name>
      </input_file>
   </input_file_list>
   <object_component_list>
      <object_component id="oc-12">
         <name>.intvecs</name>
         <load_address>0x0</load_address>
         <run_address>0x0</run_address>
         <size>0x26c</size>
         <input_file_ref idref="fl-6"/>
      </object_component>
      <object_component id="oc-30">
         <name>.text</name>
         <load_address>0x26c</load_address>
         <run_address>0x26c</run_address>
         <size>0x548</size>
         <input_file_ref idref="fl-2"/>
      </object_component>
      <object_component id="oc-221">
         <name>.text</name>
         <load_address>0x7b4</load_address>
         <run_address>0x7b4</run_address>
         <size>0x3ba</size>
         <input_file_ref idref="fl-4"/>
      </object_component>
      <object_component id="oc-41b">
         <name>.text:_ZNSt9type_infoD1Ev</name>
         <load_address>0xb6e</load_address>
         <run_address>0xb6e</run_address>
         <size>0x2</size>
         <input_file_ref idref="fl-c9"/>
      </object_component>
      <object_component id="oc-7b">
         <name>.text</name>
         <load_address>0xb70</load_address>
         <run_address>0xb70</run_address>
         <size>0x3a0</size>
         <input_file_ref idref="fl-3"/>
      </object_component>
      <object_component id="oc-27a">
         <name>.text:GPIOPadConfigSet</name>
         <load_address>0xf10</load_address>
         <run_address>0xf10</run_address>
         <size>0x16c</size>
         <input_file_ref idref="fl-c"/>
      </object_component>
      <object_component id="oc-129">
         <name>.text:SysCtlClockGet</name>
         <load_address>0x107c</load_address>
         <run_address>0x107c</run_address>
         <size>0x118</size>
         <input_file_ref idref="fl-f"/>
      </object_component>
      <object_component id="oc-2d3">
         <name>.text:aligned_alloc</name>
         <load_address>0x1194</load_address>
         <run_address>0x1194</run_address>
         <size>0x100</size>
         <input_file_ref idref="fl-d1"/>
      </object_component>
      <object_component id="oc-2e0">
         <name>.text:free</name>
         <load_address>0x1294</load_address>
         <run_address>0x1294</run_address>
         <size>0xe4</size>
         <input_file_ref idref="fl-d1"/>
      </object_component>
      <object_component id="oc-f9">
         <name>.text</name>
         <load_address>0x1378</load_address>
         <run_address>0x1378</run_address>
         <size>0xc6</size>
         <input_file_ref idref="fl-5"/>
      </object_component>
      <object_component id="oc-44">
         <name>.text</name>
         <load_address>0x143e</load_address>
         <run_address>0x143e</run_address>
         <size>0x9c</size>
         <input_file_ref idref="fl-cb"/>
      </object_component>
      <object_component id="oc-3ac">
         <name>.text:_nop</name>
         <load_address>0x14da</load_address>
         <run_address>0x14da</run_address>
         <size>0x2</size>
         <input_file_ref idref="fl-d0"/>
      </object_component>
      <object_component id="oc-37e">
         <name>.text:split</name>
         <load_address>0x14dc</load_address>
         <run_address>0x14dc</run_address>
         <size>0x70</size>
         <input_file_ref idref="fl-d1"/>
      </object_component>
      <object_component id="oc-13b">
         <name>.text:IntEnable</name>
         <load_address>0x154c</load_address>
         <run_address>0x154c</run_address>
         <size>0x68</size>
         <input_file_ref idref="fl-e"/>
      </object_component>
      <object_component id="oc-15">
         <name>.text:decompress:lzss:__TI_decompress_lzss</name>
         <load_address>0x15b4</load_address>
         <run_address>0x15b4</run_address>
         <size>0x68</size>
         <input_file_ref idref="fl-ce"/>
      </object_component>
      <object_component id="oc-147">
         <name>.text:SysCtlPeripheralReset</name>
         <load_address>0x161c</load_address>
         <run_address>0x161c</run_address>
         <size>0x50</size>
         <input_file_ref idref="fl-f"/>
      </object_component>
      <object_component id="oc-11d">
         <name>.text:GPIOPinConfigure</name>
         <load_address>0x166c</load_address>
         <run_address>0x166c</run_address>
         <size>0x4c</size>
         <input_file_ref idref="fl-c"/>
      </object_component>
      <object_component id="oc-159">
         <name>.text:I2CMasterInitExpClk</name>
         <load_address>0x16b8</load_address>
         <run_address>0x16b8</run_address>
         <size>0x4c</size>
         <input_file_ref idref="fl-d"/>
      </object_component>
      <object_component id="oc-12f">
         <name>.text:UARTConfigSetExpClk</name>
         <load_address>0x1704</load_address>
         <run_address>0x1704</run_address>
         <size>0x46</size>
         <input_file_ref idref="fl-10"/>
      </object_component>
      <object_component id="oc-236">
         <name>.text:__TI_auto_init_nobinit_nopinit:__TI_auto_init_nobinit_nopinit</name>
         <load_address>0x174c</load_address>
         <run_address>0x174c</run_address>
         <size>0x44</size>
         <input_file_ref idref="fl-d6"/>
      </object_component>
      <object_component id="oc-117">
         <name>.text:SysCtlPeripheralEnable</name>
         <load_address>0x1790</load_address>
         <run_address>0x1790</run_address>
         <size>0x34</size>
         <input_file_ref idref="fl-f"/>
      </object_component>
      <object_component id="oc-62">
         <name>.text:_c_int00_noargs:_c_int00_noargs</name>
         <load_address>0x17c4</load_address>
         <run_address>0x17c4</run_address>
         <size>0x34</size>
         <input_file_ref idref="fl-d2"/>
      </object_component>
      <object_component id="oc-274">
         <name>.text:GPIODirModeSet</name>
         <load_address>0x17f8</load_address>
         <run_address>0x17f8</run_address>
         <size>0x2c</size>
         <input_file_ref idref="fl-c"/>
      </object_component>
      <object_component id="oc-378">
         <name>.text:free_list_insert</name>
         <load_address>0x1824</load_address>
         <run_address>0x1824</run_address>
         <size>0x28</size>
         <input_file_ref idref="fl-d1"/>
      </object_component>
      <object_component id="oc-88">
         <name>.text:_Znwj</name>
         <load_address>0x184c</load_address>
         <run_address>0x184c</run_address>
         <size>0x22</size>
         <input_file_ref idref="fl-ca"/>
      </object_component>
      <object_component id="oc-285">
         <name>.text:UARTDisable</name>
         <load_address>0x1870</load_address>
         <run_address>0x1870</run_address>
         <size>0x20</size>
         <input_file_ref idref="fl-10"/>
      </object_component>
      <object_component id="oc-50">
         <name>.text:decompress:ZI:__TI_zero_init_nomemset:__TI_zero_init_nomemset</name>
         <load_address>0x1890</load_address>
         <run_address>0x1890</run_address>
         <size>0x1c</size>
         <input_file_ref idref="fl-cc"/>
      </object_component>
      <object_component id="oc-372">
         <name>.text:free_list_remove</name>
         <load_address>0x18ac</load_address>
         <run_address>0x18ac</run_address>
         <size>0x1c</size>
         <input_file_ref idref="fl-d1"/>
      </object_component>
      <object_component id="oc-166">
         <name>.text:GPIOPinTypeGPIOOutput</name>
         <load_address>0x18c8</load_address>
         <run_address>0x18c8</run_address>
         <size>0x1a</size>
         <input_file_ref idref="fl-c"/>
      </object_component>
      <object_component id="oc-1ba">
         <name>.text:_ZN21Communication_HandlerC1Ev</name>
         <load_address>0x18e4</load_address>
         <run_address>0x18e4</run_address>
         <size>0x18</size>
         <input_file_ref idref="fl-2"/>
      </object_component>
      <object_component id="oc-2ab">
         <name>.text:_ZN23Communication_InterfaceC1Ev</name>
         <load_address>0x18fc</load_address>
         <run_address>0x18fc</run_address>
         <size>0x18</size>
         <input_file_ref idref="fl-3"/>
      </object_component>
      <object_component id="oc-153">
         <name>.text:GPIOPinTypeI2C</name>
         <load_address>0x1914</load_address>
         <run_address>0x1914</run_address>
         <size>0x16</size>
         <input_file_ref idref="fl-c"/>
      </object_component>
      <object_component id="oc-14d">
         <name>.text:GPIOPinTypeI2CSCL</name>
         <load_address>0x192a</load_address>
         <run_address>0x192a</run_address>
         <size>0x16</size>
         <input_file_ref idref="fl-c"/>
      </object_component>
      <object_component id="oc-123">
         <name>.text:GPIOPinTypeUART</name>
         <load_address>0x1940</load_address>
         <run_address>0x1940</run_address>
         <size>0x16</size>
         <input_file_ref idref="fl-c"/>
      </object_component>
      <object_component id="oc-28b">
         <name>.text:UARTEnable</name>
         <load_address>0x1956</load_address>
         <run_address>0x1956</run_address>
         <size>0x14</size>
         <input_file_ref idref="fl-10"/>
      </object_component>
      <object_component id="oc-135">
         <name>.text:IntMasterEnable</name>
         <load_address>0x196a</load_address>
         <run_address>0x196a</run_address>
         <size>0x10</size>
         <input_file_ref idref="fl-e"/>
      </object_component>
      <object_component id="oc-1a7">
         <name>.text:UARTCharsAvail</name>
         <load_address>0x197a</load_address>
         <run_address>0x197a</run_address>
         <size>0xe</size>
         <input_file_ref idref="fl-10"/>
      </object_component>
      <object_component id="oc-3fb">
         <name>.text:_ZN10__cxxabiv117__class_type_infoD0Ev</name>
         <load_address>0x1988</load_address>
         <run_address>0x1988</run_address>
         <size>0xe</size>
         <input_file_ref idref="fl-c8"/>
      </object_component>
      <object_component id="oc-396">
         <name>.text:_ZN10__cxxabiv120__si_class_type_infoD0Ev</name>
         <load_address>0x1996</load_address>
         <run_address>0x1996</run_address>
         <size>0xe</size>
         <input_file_ref idref="fl-c8"/>
      </object_component>
      <object_component id="oc-1b">
         <name>.text:decompress:none:__TI_decompress_none</name>
         <load_address>0x19a4</load_address>
         <run_address>0x19a4</run_address>
         <size>0xe</size>
         <input_file_ref idref="fl-cd"/>
      </object_component>
      <object_component id="oc-293">
         <name>.text:CPUcpsie</name>
         <load_address>0x19b2</load_address>
         <run_address>0x19b2</run_address>
         <size>0xc</size>
         <input_file_ref idref="fl-11"/>
      </object_component>
      <object_component id="oc-81">
         <name>.text:_ZN21Communication_HandlerC2Ev</name>
         <load_address>0x19be</load_address>
         <run_address>0x19be</run_address>
         <size>0xc</size>
         <input_file_ref idref="fl-2"/>
      </object_component>
      <object_component id="oc-15f">
         <name>.text:_ZN23Communication_InterfaceC2Ev</name>
         <load_address>0x19ca</load_address>
         <run_address>0x19ca</run_address>
         <size>0xc</size>
         <input_file_ref idref="fl-3"/>
      </object_component>
      <object_component id="oc-1c7">
         <name>.text:_ZSt15get_new_handlerv</name>
         <load_address>0x19d8</load_address>
         <run_address>0x19d8</run_address>
         <size>0xc</size>
         <input_file_ref idref="fl-ca"/>
      </object_component>
      <object_component id="oc-2a">
         <name>.text</name>
         <load_address>0x19e4</load_address>
         <run_address>0x19e4</run_address>
         <size>0xc</size>
         <input_file_ref idref="fl-6"/>
      </object_component>
      <object_component id="oc-2a3">
         <name>.text:I2CMasterEnable</name>
         <load_address>0x19f0</load_address>
         <run_address>0x19f0</run_address>
         <size>0xa</size>
         <input_file_ref idref="fl-d"/>
      </object_component>
      <object_component id="oc-178">
         <name>.text:UARTCharGet</name>
         <load_address>0x19fa</load_address>
         <run_address>0x19fa</run_address>
         <size>0xa</size>
         <input_file_ref idref="fl-10"/>
      </object_component>
      <object_component id="oc-172">
         <name>.text:UARTCharPut</name>
         <load_address>0x1a04</load_address>
         <run_address>0x1a04</run_address>
         <size>0xa</size>
         <input_file_ref idref="fl-10"/>
      </object_component>
      <object_component id="oc-19b">
         <name>.text:UARTIntStatus</name>
         <load_address>0x1a0e</load_address>
         <run_address>0x1a0e</run_address>
         <size>0xa</size>
         <input_file_ref idref="fl-10"/>
      </object_component>
      <object_component id="oc-190">
         <name>.text:I2CMasterBusy</name>
         <load_address>0x1a18</load_address>
         <run_address>0x1a18</run_address>
         <size>0x8</size>
         <input_file_ref idref="fl-d"/>
      </object_component>
      <object_component id="oc-17e">
         <name>.text:I2CMasterSlaveAddrSet</name>
         <load_address>0x1a20</load_address>
         <run_address>0x1a20</run_address>
         <size>0x8</size>
         <input_file_ref idref="fl-d"/>
      </object_component>
      <object_component id="oc-141">
         <name>.text:UARTIntEnable</name>
         <load_address>0x1a28</load_address>
         <run_address>0x1a28</run_address>
         <size>0x8</size>
         <input_file_ref idref="fl-10"/>
      </object_component>
      <object_component id="oc-1da">
         <name>.text:_ZdlPv</name>
         <load_address>0x1a30</load_address>
         <run_address>0x1a30</run_address>
         <size>0x8</size>
         <input_file_ref idref="fl-ca"/>
      </object_component>
      <object_component id="oc-1c1">
         <name>.text:malloc</name>
         <load_address>0x1a38</load_address>
         <run_address>0x1a38</run_address>
         <size>0x8</size>
         <input_file_ref idref="fl-d1"/>
      </object_component>
      <object_component id="oc-16c">
         <name>.text:GPIOPinWrite</name>
         <load_address>0x1a40</load_address>
         <run_address>0x1a40</run_address>
         <size>0x6</size>
         <input_file_ref idref="fl-c"/>
      </object_component>
      <object_component id="oc-94">
         <name>.text:SysCtlDelay</name>
         <load_address>0x1a46</load_address>
         <run_address>0x1a46</run_address>
         <size>0x6</size>
         <input_file_ref idref="fl-f"/>
      </object_component>
      <object_component id="oc-36c">
         <name>.text:__cxa_pure_virtual</name>
         <load_address>0x1a4c</load_address>
         <run_address>0x1a4c</run_address>
         <size>0x6</size>
         <input_file_ref idref="fl-c7"/>
      </object_component>
      <object_component id="oc-18a">
         <name>.text:I2CMasterControl</name>
         <load_address>0x1a52</load_address>
         <run_address>0x1a52</run_address>
         <size>0x4</size>
         <input_file_ref idref="fl-d"/>
      </object_component>
      <object_component id="oc-184">
         <name>.text:I2CMasterDataPut</name>
         <load_address>0x1a56</load_address>
         <run_address>0x1a56</run_address>
         <size>0x4</size>
         <input_file_ref idref="fl-d"/>
      </object_component>
      <object_component id="oc-1a1">
         <name>.text:UARTIntClear</name>
         <load_address>0x1a5a</load_address>
         <run_address>0x1a5a</run_address>
         <size>0x4</size>
         <input_file_ref idref="fl-10"/>
      </object_component>
      <object_component id="oc-3e6">
         <name>.text:_ZN10__cxxabiv117__class_type_infoD1Ev</name>
         <load_address>0x1a5e</load_address>
         <run_address>0x1a5e</run_address>
         <size>0x4</size>
         <input_file_ref idref="fl-c8"/>
      </object_component>
      <object_component id="oc-390">
         <name>.text:_ZN10__cxxabiv120__si_class_type_infoD1Ev</name>
         <load_address>0x1a62</load_address>
         <run_address>0x1a62</run_address>
         <size>0x4</size>
         <input_file_ref idref="fl-c8"/>
      </object_component>
      <object_component id="oc-8e">
         <name>.text:_ZdlPvj</name>
         <load_address>0x1a66</load_address>
         <run_address>0x1a66</run_address>
         <size>0x4</size>
         <input_file_ref idref="fl-ca"/>
      </object_component>
      <object_component id="oc-3d0">
         <name>.text:__abort_execution</name>
         <load_address>0x1a6a</load_address>
         <run_address>0x1a6a</run_address>
         <size>0x4</size>
         <input_file_ref idref="fl-d3"/>
      </object_component>
      <object_component id="oc-f3">
         <name>.text:_system_pre_init</name>
         <load_address>0x1a6e</load_address>
         <run_address>0x1a6e</run_address>
         <size>0x4</size>
         <input_file_ref idref="fl-d7"/>
      </object_component>
      <object_component id="oc-22a">
         <name>.text:abort:abort</name>
         <load_address>0x1a72</load_address>
         <run_address>0x1a72</run_address>
         <size>0x4</size>
         <input_file_ref idref="fl-cf"/>
      </object_component>
      <object_component id="oc-26f">
         <name>.const:g_pui32GPIOBaseAddrs</name>
         <load_address>0x1a78</load_address>
         <run_address>0x1a78</run_address>
         <size>0x90</size>
         <input_file_ref idref="fl-c"/>
      </object_component>
      <object_component id="oc-281">
         <name>.const:g_pui32Xtals</name>
         <load_address>0x1b08</load_address>
         <run_address>0x1b08</run_address>
         <size>0x6c</size>
         <input_file_ref idref="fl-f"/>
      </object_component>
      <object_component id="oc-a8">
         <name>.const:UART_CFW300</name>
         <load_address>0x1b74</load_address>
         <run_address>0x1b74</run_address>
         <size>0x34</size>
         <input_file_ref idref="fl-2"/>
      </object_component>
      <object_component id="oc-98">
         <name>.const:UART_LABVIEW</name>
         <load_address>0x1ba8</load_address>
         <run_address>0x1ba8</run_address>
         <size>0x34</size>
         <input_file_ref idref="fl-2"/>
      </object_component>
      <object_component id="oc-3dc">
         <name>.const:.typeinfo:_ZTSN10__cxxabiv120__si_class_type_infoE</name>
         <load_address>0x1bdc</load_address>
         <run_address>0x1bdc</run_address>
         <size>0x25</size>
         <input_file_ref idref="fl-c8"/>
      </object_component>
      <object_component id="oc-b9">
         <name>.const:I2C_MCP4725</name>
         <load_address>0x1c04</load_address>
         <run_address>0x1c04</run_address>
         <size>0x24</size>
         <input_file_ref idref="fl-2"/>
      </object_component>
      <object_component id="oc-411">
         <name>.const:.typeinfo:_ZTSN10__cxxabiv117__class_type_infoE</name>
         <load_address>0x1c28</load_address>
         <run_address>0x1c28</run_address>
         <size>0x22</size>
         <input_file_ref idref="fl-c8"/>
      </object_component>
      <object_component id="oc-3cb">
         <name>.const:.typeinfo:_ZTS23Communication_Interface</name>
         <load_address>0x1c4a</load_address>
         <run_address>0x1c4a</run_address>
         <size>0x1a</size>
         <input_file_ref idref="fl-3"/>
      </object_component>
      <object_component id="oc-3a3">
         <name>.const:.typeinfo:_ZTS21Communication_Handler</name>
         <load_address>0x1c64</load_address>
         <run_address>0x1c64</run_address>
         <size>0x18</size>
         <input_file_ref idref="fl-2"/>
      </object_component>
      <object_component id="oc-2ec">
         <name>.const:.typeinfo:_ZTS20CFW300_ModbusHandler</name>
         <load_address>0x1c7c</load_address>
         <run_address>0x1c7c</run_address>
         <size>0x17</size>
         <input_file_ref idref="fl-2"/>
      </object_component>
      <object_component id="oc-2fb">
         <name>.const:.typeinfo:_ZTS19LabView_UARTHandler</name>
         <load_address>0x1c93</load_address>
         <run_address>0x1c93</run_address>
         <size>0x16</size>
         <input_file_ref idref="fl-2"/>
      </object_component>
      <object_component id="oc-2f6">
         <name>.const:.typeinfo:_ZTS18MCP4725_I2CHandler</name>
         <load_address>0x1ca9</load_address>
         <run_address>0x1ca9</run_address>
         <size>0x15</size>
         <input_file_ref idref="fl-2"/>
      </object_component>
      <object_component id="oc-29a">
         <name>.const:g_pui32EnRegs</name>
         <load_address>0x1cc0</load_address>
         <run_address>0x1cc0</run_address>
         <size>0x14</size>
         <input_file_ref idref="fl-e"/>
      </object_component>
      <object_component id="oc-196">
         <name>.const:_ZTV10MODBUS_RTU</name>
         <load_address>0x1cd4</load_address>
         <run_address>0x1cd4</run_address>
         <size>0x10</size>
         <input_file_ref idref="fl-3"/>
      </object_component>
      <object_component id="oc-b4">
         <name>.const:_ZTV18MCP4725_I2CHandler</name>
         <load_address>0x1ce4</load_address>
         <run_address>0x1ce4</run_address>
         <size>0x10</size>
         <input_file_ref idref="fl-2"/>
      </object_component>
      <object_component id="oc-bc">
         <name>.const:_ZTV19LabView_UARTHandler</name>
         <load_address>0x1cf4</load_address>
         <run_address>0x1cf4</run_address>
         <size>0x10</size>
         <input_file_ref idref="fl-2"/>
      </object_component>
      <object_component id="oc-a3">
         <name>.const:_ZTV20CFW300_ModbusHandler</name>
         <load_address>0x1d04</load_address>
         <run_address>0x1d04</run_address>
         <size>0x10</size>
         <input_file_ref idref="fl-2"/>
      </object_component>
      <object_component id="oc-2ce">
         <name>.const:_ZTV21Communication_Handler</name>
         <load_address>0x1d14</load_address>
         <run_address>0x1d14</run_address>
         <size>0x10</size>
         <input_file_ref idref="fl-2"/>
      </object_component>
      <object_component id="oc-353">
         <name>.const:_ZTV23Communication_Interface</name>
         <load_address>0x1d24</load_address>
         <run_address>0x1d24</run_address>
         <size>0x10</size>
         <input_file_ref idref="fl-3"/>
      </object_component>
      <object_component id="oc-1ad">
         <name>.const:_ZTV3I2C</name>
         <load_address>0x1d34</load_address>
         <run_address>0x1d34</run_address>
         <size>0x10</size>
         <input_file_ref idref="fl-3"/>
      </object_component>
      <object_component id="oc-1b2">
         <name>.const:_ZTV4UART</name>
         <load_address>0x1d44</load_address>
         <run_address>0x1d44</run_address>
         <size>0x10</size>
         <input_file_ref idref="fl-3"/>
      </object_component>
      <object_component id="oc-39e">
         <name>.const:_ZTVN10__cxxabiv117__class_type_infoE</name>
         <load_address>0x1d54</load_address>
         <run_address>0x1d54</run_address>
         <size>0x10</size>
         <input_file_ref idref="fl-c8"/>
      </object_component>
      <object_component id="oc-2e7">
         <name>.const:_ZTVN10__cxxabiv120__si_class_type_infoE</name>
         <load_address>0x1d64</load_address>
         <run_address>0x1d64</run_address>
         <size>0x10</size>
         <input_file_ref idref="fl-c8"/>
      </object_component>
      <object_component id="oc-358">
         <name>.const:.typeinfo:_ZTS10MODBUS_RTU</name>
         <load_address>0x1d74</load_address>
         <run_address>0x1d74</run_address>
         <size>0xd</size>
         <input_file_ref idref="fl-3"/>
      </object_component>
      <object_component id="oc-423">
         <name>.const:.typeinfo:_ZTSSt9type_info</name>
         <load_address>0x1d81</load_address>
         <run_address>0x1d81</run_address>
         <size>0xd</size>
         <input_file_ref idref="fl-c9"/>
      </object_component>
      <object_component id="oc-2ba">
         <name>.const:.typeinfo:_ZTI10MODBUS_RTU</name>
         <load_address>0x1d90</load_address>
         <run_address>0x1d90</run_address>
         <size>0xc</size>
         <input_file_ref idref="fl-3"/>
      </object_component>
      <object_component id="oc-205">
         <name>.const:.typeinfo:_ZTI18MCP4725_I2CHandler</name>
         <load_address>0x1d9c</load_address>
         <run_address>0x1d9c</run_address>
         <size>0xc</size>
         <input_file_ref idref="fl-2"/>
      </object_component>
      <object_component id="oc-20c">
         <name>.const:.typeinfo:_ZTI19LabView_UARTHandler</name>
         <load_address>0x1da8</load_address>
         <run_address>0x1da8</run_address>
         <size>0xc</size>
         <input_file_ref idref="fl-2"/>
      </object_component>
      <object_component id="oc-1f8">
         <name>.const:.typeinfo:_ZTI20CFW300_ModbusHandler</name>
         <load_address>0x1db4</load_address>
         <run_address>0x1db4</run_address>
         <size>0xc</size>
         <input_file_ref idref="fl-2"/>
      </object_component>
      <object_component id="oc-2c2">
         <name>.const:.typeinfo:_ZTI3I2C</name>
         <load_address>0x1dc0</load_address>
         <run_address>0x1dc0</run_address>
         <size>0xc</size>
         <input_file_ref idref="fl-3"/>
      </object_component>
      <object_component id="oc-2c7">
         <name>.const:.typeinfo:_ZTI4UART</name>
         <load_address>0x1dcc</load_address>
         <run_address>0x1dcc</run_address>
         <size>0xc</size>
         <input_file_ref idref="fl-3"/>
      </object_component>
      <object_component id="oc-3e1">
         <name>.const:.typeinfo:_ZTIN10__cxxabiv117__class_type_infoE</name>
         <load_address>0x1dd8</load_address>
         <run_address>0x1dd8</run_address>
         <size>0xc</size>
         <input_file_ref idref="fl-c8"/>
      </object_component>
      <object_component id="oc-38b">
         <name>.const:.typeinfo:_ZTIN10__cxxabiv120__si_class_type_infoE</name>
         <load_address>0x1de4</load_address>
         <run_address>0x1de4</run_address>
         <size>0xc</size>
         <input_file_ref idref="fl-c8"/>
      </object_component>
      <object_component id="oc-2f1">
         <name>.const:.typeinfo:_ZTI21Communication_Handler</name>
         <load_address>0x1df0</load_address>
         <run_address>0x1df0</run_address>
         <size>0x8</size>
         <input_file_ref idref="fl-2"/>
      </object_component>
      <object_component id="oc-35d">
         <name>.const:.typeinfo:_ZTI23Communication_Interface</name>
         <load_address>0x1df8</load_address>
         <run_address>0x1df8</run_address>
         <size>0x8</size>
         <input_file_ref idref="fl-3"/>
      </object_component>
      <object_component id="oc-416">
         <name>.const:.typeinfo:_ZTISt9type_info</name>
         <load_address>0x1e00</load_address>
         <run_address>0x1e00</run_address>
         <size>0x8</size>
         <input_file_ref idref="fl-c9"/>
      </object_component>
      <object_component id="oc-ab">
         <name>.const:ENABLE_TX_PB4</name>
         <load_address>0x1e08</load_address>
         <run_address>0x1e08</run_address>
         <size>0x8</size>
         <input_file_ref idref="fl-2"/>
      </object_component>
      <object_component id="oc-367">
         <name>.const:.typeinfo:_ZTS4UART</name>
         <load_address>0x1e10</load_address>
         <run_address>0x1e10</run_address>
         <size>0x6</size>
         <input_file_ref idref="fl-3"/>
      </object_component>
      <object_component id="oc-362">
         <name>.const:.typeinfo:_ZTS3I2C</name>
         <load_address>0x1e16</load_address>
         <run_address>0x1e16</run_address>
         <size>0x5</size>
         <input_file_ref idref="fl-3"/>
      </object_component>
      <object_component id="oc-9c">
         <name>.const:.string:ValidCommands</name>
         <load_address>0x1e1b</load_address>
         <run_address>0x1e1b</run_address>
         <size>0x4</size>
         <input_file_ref idref="fl-2"/>
      </object_component>
      <object_component id="oc-467">
         <name>.cinit..data.load</name>
         <load_address>0x1e20</load_address>
         <run_address>0x1e20</run_address>
         <size>0x14e</size>
      </object_component>
      <object_component id="oc-465">
         <name>__TI_handler_table</name>
         <load_address>0x1f70</load_address>
         <run_address>0x1f70</run_address>
         <size>0xc</size>
      </object_component>
      <object_component id="oc-468">
         <name>.cinit..bss.load</name>
         <load_address>0x1f80</load_address>
         <run_address>0x1f80</run_address>
         <size>0x8</size>
      </object_component>
      <object_component id="oc-466">
         <name>__TI_cinit_table</name>
         <load_address>0x1f88</load_address>
         <run_address>0x1f88</run_address>
         <size>0x10</size>
      </object_component>
      <object_component id="oc-95">
         <name>.data</name>
         <load_address>0x20000210</load_address>
         <run_address>0x20000210</run_address>
         <size>0x2</size>
         <input_file_ref idref="fl-2"/>
      </object_component>
      <object_component id="oc-ae">
         <name>.data:auchCRCHi</name>
         <load_address>0x20000000</load_address>
         <run_address>0x20000000</run_address>
         <size>0x100</size>
         <input_file_ref idref="fl-2"/>
      </object_component>
      <object_component id="oc-b1">
         <name>.data:auchCRCLo</name>
         <load_address>0x20000100</load_address>
         <run_address>0x20000100</run_address>
         <size>0x100</size>
         <input_file_ref idref="fl-2"/>
      </object_component>
      <object_component id="oc-30e">
         <name>.data:$O1$$</name>
         <load_address>0x20000200</load_address>
         <run_address>0x20000200</run_address>
         <size>0x8</size>
         <input_file_ref idref="fl-d0"/>
      </object_component>
      <object_component id="oc-384">
         <name>.data:$O1$$</name>
         <load_address>0x20000208</load_address>
         <run_address>0x20000208</run_address>
         <size>0x8</size>
         <input_file_ref idref="fl-d1"/>
      </object_component>
      <object_component id="oc-9b">
         <name>.bss:RxData$1</name>
         <uninitialized>true</uninitialized>
         <run_address>0x20000290</run_address>
         <size>0x4</size>
         <input_file_ref idref="fl-2"/>
      </object_component>
      <object_component id="oc-2da">
         <name>.bss</name>
         <uninitialized>true</uninitialized>
         <run_address>0x20000294</run_address>
         <size>0x4</size>
         <input_file_ref idref="fl-ca"/>
      </object_component>
      <object_component id="oc-9f">
         <name>.common:ReceivedCommands</name>
         <uninitialized>true</uninitialized>
         <run_address>0x20000298</run_address>
         <size>0x4</size>
      </object_component>
      <object_component id="oc-24">
         <name>.sysmem</name>
         <uninitialized>true</uninitialized>
         <run_address>0x20000280</run_address>
         <size>0x10</size>
         <input_file_ref idref="fl-d1"/>
      </object_component>
      <object_component id="oc-46b">
         <name>.sysmem</name>
         <uninitialized>true</uninitialized>
         <run_address>0x20000280</run_address>
         <size>0x0</size>
      </object_component>
      <object_component id="oc-27">
         <name>.stack</name>
         <uninitialized>true</uninitialized>
         <run_address>0x20000218</run_address>
         <size>0x4</size>
         <input_file_ref idref="fl-d2"/>
      </object_component>
      <object_component id="oc-46a">
         <name>.stack</name>
         <uninitialized>true</uninitialized>
         <run_address>0x20000218</run_address>
         <size>0x0</size>
      </object_component>
      <object_component id="oc-a0">
         <name>.debug_info</name>
         <load_address>0x0</load_address>
         <run_address>0x0</run_address>
         <size>0xec4</size>
         <input_file_ref idref="fl-2"/>
      </object_component>
      <object_component id="oc-a9">
         <name>.debug_info</name>
         <load_address>0xec4</load_address>
         <run_address>0xec4</run_address>
         <size>0xeb</size>
         <input_file_ref idref="fl-2"/>
      </object_component>
      <object_component id="oc-ac">
         <name>.debug_info</name>
         <load_address>0xfaf</load_address>
         <run_address>0xfaf</run_address>
         <size>0xef</size>
         <input_file_ref idref="fl-2"/>
      </object_component>
      <object_component id="oc-ba">
         <name>.debug_info</name>
         <load_address>0x109e</load_address>
         <run_address>0x109e</run_address>
         <size>0xeb</size>
         <input_file_ref idref="fl-2"/>
      </object_component>
      <object_component id="oc-99">
         <name>.debug_info</name>
         <load_address>0x1189</load_address>
         <run_address>0x1189</run_address>
         <size>0xed</size>
         <input_file_ref idref="fl-2"/>
      </object_component>
      <object_component id="oc-9d">
         <name>.debug_info</name>
         <load_address>0x1276</load_address>
         <run_address>0x1276</run_address>
         <size>0xef</size>
         <input_file_ref idref="fl-2"/>
      </object_component>
      <object_component id="oc-96">
         <name>.debug_info</name>
         <load_address>0x1365</load_address>
         <run_address>0x1365</run_address>
         <size>0xf4</size>
         <input_file_ref idref="fl-2"/>
      </object_component>
      <object_component id="oc-af">
         <name>.debug_info</name>
         <load_address>0x1459</load_address>
         <run_address>0x1459</run_address>
         <size>0xe7</size>
         <input_file_ref idref="fl-2"/>
      </object_component>
      <object_component id="oc-b2">
         <name>.debug_info</name>
         <load_address>0x1540</load_address>
         <run_address>0x1540</run_address>
         <size>0xe7</size>
         <input_file_ref idref="fl-2"/>
      </object_component>
      <object_component id="oc-2cf">
         <name>.debug_info</name>
         <load_address>0x1627</load_address>
         <run_address>0x1627</run_address>
         <size>0x121</size>
         <input_file_ref idref="fl-2"/>
      </object_component>
      <object_component id="oc-a4">
         <name>.debug_info</name>
         <load_address>0x1748</load_address>
         <run_address>0x1748</run_address>
         <size>0x11f</size>
         <input_file_ref idref="fl-2"/>
      </object_component>
      <object_component id="oc-b5">
         <name>.debug_info</name>
         <load_address>0x1867</load_address>
         <run_address>0x1867</run_address>
         <size>0x11b</size>
         <input_file_ref idref="fl-2"/>
      </object_component>
      <object_component id="oc-bd">
         <name>.debug_info</name>
         <load_address>0x1982</load_address>
         <run_address>0x1982</run_address>
         <size>0x11d</size>
         <input_file_ref idref="fl-2"/>
      </object_component>
      <object_component id="oc-2f2">
         <name>.debug_info</name>
         <load_address>0x1a9f</load_address>
         <run_address>0x1a9f</run_address>
         <size>0x113</size>
         <input_file_ref idref="fl-2"/>
      </object_component>
      <object_component id="oc-1f9">
         <name>.debug_info</name>
         <load_address>0x1bb2</load_address>
         <run_address>0x1bb2</run_address>
         <size>0x111</size>
         <input_file_ref idref="fl-2"/>
      </object_component>
      <object_component id="oc-206">
         <name>.debug_info</name>
         <load_address>0x1cc3</load_address>
         <run_address>0x1cc3</run_address>
         <size>0x10d</size>
         <input_file_ref idref="fl-2"/>
      </object_component>
      <object_component id="oc-20d">
         <name>.debug_info</name>
         <load_address>0x1dd0</load_address>
         <run_address>0x1dd0</run_address>
         <size>0x10f</size>
         <input_file_ref idref="fl-2"/>
      </object_component>
      <object_component id="oc-3a4">
         <name>.debug_info</name>
         <load_address>0x1edf</load_address>
         <run_address>0x1edf</run_address>
         <size>0x118</size>
         <input_file_ref idref="fl-2"/>
      </object_component>
      <object_component id="oc-2ed">
         <name>.debug_info</name>
         <load_address>0x1ff7</load_address>
         <run_address>0x1ff7</run_address>
         <size>0x116</size>
         <input_file_ref idref="fl-2"/>
      </object_component>
      <object_component id="oc-2f7">
         <name>.debug_info</name>
         <load_address>0x210d</load_address>
         <run_address>0x210d</run_address>
         <size>0x112</size>
         <input_file_ref idref="fl-2"/>
      </object_component>
      <object_component id="oc-2fc">
         <name>.debug_info</name>
         <load_address>0x221f</load_address>
         <run_address>0x221f</run_address>
         <size>0x114</size>
         <input_file_ref idref="fl-2"/>
      </object_component>
      <object_component id="oc-1bb">
         <name>.debug_info</name>
         <load_address>0x2333</load_address>
         <run_address>0x2333</run_address>
         <size>0x13a</size>
         <input_file_ref idref="fl-2"/>
      </object_component>
      <object_component id="oc-82">
         <name>.debug_info</name>
         <load_address>0x246d</load_address>
         <run_address>0x246d</run_address>
         <size>0x160</size>
         <input_file_ref idref="fl-2"/>
      </object_component>
      <object_component id="oc-32">
         <name>.debug_info</name>
         <load_address>0x25cd</load_address>
         <run_address>0x25cd</run_address>
         <size>0x103d</size>
         <input_file_ref idref="fl-2"/>
      </object_component>
      <object_component id="oc-c2">
         <name>.debug_info</name>
         <load_address>0x360a</load_address>
         <run_address>0x360a</run_address>
         <size>0x3ee</size>
         <input_file_ref idref="fl-2"/>
      </object_component>
      <object_component id="oc-d1">
         <name>.debug_info</name>
         <load_address>0x39f8</load_address>
         <run_address>0x39f8</run_address>
         <size>0x3c4</size>
         <input_file_ref idref="fl-2"/>
      </object_component>
      <object_component id="oc-1e9">
         <name>.debug_info</name>
         <load_address>0x3dbc</load_address>
         <run_address>0x3dbc</run_address>
         <size>0x46a</size>
         <input_file_ref idref="fl-2"/>
      </object_component>
      <object_component id="oc-c7">
         <name>.debug_info</name>
         <load_address>0x4226</load_address>
         <run_address>0x4226</run_address>
         <size>0x8b</size>
         <input_file_ref idref="fl-2"/>
      </object_component>
      <object_component id="oc-1f3">
         <name>.debug_info</name>
         <load_address>0x42b1</load_address>
         <run_address>0x42b1</run_address>
         <size>0x2d6</size>
         <input_file_ref idref="fl-2"/>
      </object_component>
      <object_component id="oc-cc">
         <name>.debug_info</name>
         <load_address>0x4587</load_address>
         <run_address>0x4587</run_address>
         <size>0xbb</size>
         <input_file_ref idref="fl-2"/>
      </object_component>
      <object_component id="oc-1ee">
         <name>.debug_info</name>
         <load_address>0x4642</load_address>
         <run_address>0x4642</run_address>
         <size>0x2a1</size>
         <input_file_ref idref="fl-2"/>
      </object_component>
      <object_component id="oc-1b8">
         <name>.debug_info</name>
         <load_address>0x48e3</load_address>
         <run_address>0x48e3</run_address>
         <size>0x1069</size>
         <input_file_ref idref="fl-3"/>
      </object_component>
      <object_component id="oc-354">
         <name>.debug_info</name>
         <load_address>0x594c</load_address>
         <run_address>0x594c</run_address>
         <size>0x127</size>
         <input_file_ref idref="fl-3"/>
      </object_component>
      <object_component id="oc-197">
         <name>.debug_info</name>
         <load_address>0x5a73</load_address>
         <run_address>0x5a73</run_address>
         <size>0x10d</size>
         <input_file_ref idref="fl-3"/>
      </object_component>
      <object_component id="oc-1ae">
         <name>.debug_info</name>
         <load_address>0x5b80</load_address>
         <run_address>0x5b80</run_address>
         <size>0xfe</size>
         <input_file_ref idref="fl-3"/>
      </object_component>
      <object_component id="oc-1b3">
         <name>.debug_info</name>
         <load_address>0x5c7e</load_address>
         <run_address>0x5c7e</run_address>
         <size>0x100</size>
         <input_file_ref idref="fl-3"/>
      </object_component>
      <object_component id="oc-35e">
         <name>.debug_info</name>
         <load_address>0x5d7e</load_address>
         <run_address>0x5d7e</run_address>
         <size>0x119</size>
         <input_file_ref idref="fl-3"/>
      </object_component>
      <object_component id="oc-2bb">
         <name>.debug_info</name>
         <load_address>0x5e97</load_address>
         <run_address>0x5e97</run_address>
         <size>0xff</size>
         <input_file_ref idref="fl-3"/>
      </object_component>
      <object_component id="oc-2c3">
         <name>.debug_info</name>
         <load_address>0x5f96</load_address>
         <run_address>0x5f96</run_address>
         <size>0xf0</size>
         <input_file_ref idref="fl-3"/>
      </object_component>
      <object_component id="oc-2c8">
         <name>.debug_info</name>
         <load_address>0x6086</load_address>
         <run_address>0x6086</run_address>
         <size>0xf2</size>
         <input_file_ref idref="fl-3"/>
      </object_component>
      <object_component id="oc-3cc">
         <name>.debug_info</name>
         <load_address>0x6178</load_address>
         <run_address>0x6178</run_address>
         <size>0x11e</size>
         <input_file_ref idref="fl-3"/>
      </object_component>
      <object_component id="oc-359">
         <name>.debug_info</name>
         <load_address>0x6296</load_address>
         <run_address>0x6296</run_address>
         <size>0x104</size>
         <input_file_ref idref="fl-3"/>
      </object_component>
      <object_component id="oc-363">
         <name>.debug_info</name>
         <load_address>0x639a</load_address>
         <run_address>0x639a</run_address>
         <size>0xf5</size>
         <input_file_ref idref="fl-3"/>
      </object_component>
      <object_component id="oc-368">
         <name>.debug_info</name>
         <load_address>0x648f</load_address>
         <run_address>0x648f</run_address>
         <size>0xf7</size>
         <input_file_ref idref="fl-3"/>
      </object_component>
      <object_component id="oc-2ac">
         <name>.debug_info</name>
         <load_address>0x6586</load_address>
         <run_address>0x6586</run_address>
         <size>0x140</size>
         <input_file_ref idref="fl-3"/>
      </object_component>
      <object_component id="oc-160">
         <name>.debug_info</name>
         <load_address>0x66c6</load_address>
         <run_address>0x66c6</run_address>
         <size>0x168</size>
         <input_file_ref idref="fl-3"/>
      </object_component>
      <object_component id="oc-7c">
         <name>.debug_info</name>
         <load_address>0x682e</load_address>
         <run_address>0x682e</run_address>
         <size>0xde9</size>
         <input_file_ref idref="fl-3"/>
      </object_component>
      <object_component id="oc-306">
         <name>.debug_info</name>
         <load_address>0x7617</load_address>
         <run_address>0x7617</run_address>
         <size>0x97e</size>
         <input_file_ref idref="fl-4"/>
      </object_component>
      <object_component id="oc-224">
         <name>.debug_info</name>
         <load_address>0x7f95</load_address>
         <run_address>0x7f95</run_address>
         <size>0xdfc</size>
         <input_file_ref idref="fl-4"/>
      </object_component>
      <object_component id="oc-301">
         <name>.debug_info</name>
         <load_address>0x8d91</load_address>
         <run_address>0x8d91</run_address>
         <size>0x424</size>
         <input_file_ref idref="fl-4"/>
      </object_component>
      <object_component id="oc-228">
         <name>.debug_info</name>
         <load_address>0x91b5</load_address>
         <run_address>0x91b5</run_address>
         <size>0xae0</size>
         <input_file_ref idref="fl-5"/>
      </object_component>
      <object_component id="oc-fd">
         <name>.debug_info</name>
         <load_address>0x9c95</load_address>
         <run_address>0x9c95</run_address>
         <size>0x3a0</size>
         <input_file_ref idref="fl-5"/>
      </object_component>
      <object_component id="oc-38">
         <name>.debug_info</name>
         <load_address>0xa035</load_address>
         <run_address>0xa035</run_address>
         <size>0x2c5</size>
         <input_file_ref idref="fl-6"/>
      </object_component>
      <object_component id="oc-13">
         <name>.debug_info</name>
         <load_address>0xa2fa</load_address>
         <run_address>0xa2fa</run_address>
         <size>0xee</size>
         <input_file_ref idref="fl-6"/>
      </object_component>
      <object_component id="oc-2c">
         <name>.debug_info</name>
         <load_address>0xa3e8</load_address>
         <run_address>0xa3e8</run_address>
         <size>0x265</size>
         <input_file_ref idref="fl-6"/>
      </object_component>
      <object_component id="oc-3f">
         <name>.debug_info</name>
         <load_address>0xa64d</load_address>
         <run_address>0xa64d</run_address>
         <size>0x84</size>
         <input_file_ref idref="fl-6"/>
      </object_component>
      <object_component id="oc-273">
         <name>.debug_info</name>
         <load_address>0xa6d1</load_address>
         <run_address>0xa6d1</run_address>
         <size>0x3e4</size>
         <input_file_ref idref="fl-c"/>
      </object_component>
      <object_component id="oc-270">
         <name>.debug_info</name>
         <load_address>0xaab5</load_address>
         <run_address>0xaab5</run_address>
         <size>0x164</size>
         <input_file_ref idref="fl-c"/>
      </object_component>
      <object_component id="oc-16f">
         <name>.debug_info</name>
         <load_address>0xac19</load_address>
         <run_address>0xac19</run_address>
         <size>0x2ac</size>
         <input_file_ref idref="fl-c"/>
      </object_component>
      <object_component id="oc-277">
         <name>.debug_info</name>
         <load_address>0xaec5</load_address>
         <run_address>0xaec5</run_address>
         <size>0x2bc</size>
         <input_file_ref idref="fl-c"/>
      </object_component>
      <object_component id="oc-27d">
         <name>.debug_info</name>
         <load_address>0xb181</load_address>
         <run_address>0xb181</run_address>
         <size>0x31f</size>
         <input_file_ref idref="fl-c"/>
      </object_component>
      <object_component id="oc-126">
         <name>.debug_info</name>
         <load_address>0xb4a0</load_address>
         <run_address>0xb4a0</run_address>
         <size>0x29b</size>
         <input_file_ref idref="fl-c"/>
      </object_component>
      <object_component id="oc-150">
         <name>.debug_info</name>
         <load_address>0xb73b</load_address>
         <run_address>0xb73b</run_address>
         <size>0x29f</size>
         <input_file_ref idref="fl-c"/>
      </object_component>
      <object_component id="oc-156">
         <name>.debug_info</name>
         <load_address>0xb9da</load_address>
         <run_address>0xb9da</run_address>
         <size>0x299</size>
         <input_file_ref idref="fl-c"/>
      </object_component>
      <object_component id="oc-169">
         <name>.debug_info</name>
         <load_address>0xbc73</load_address>
         <run_address>0xbc73</run_address>
         <size>0x2c0</size>
         <input_file_ref idref="fl-c"/>
      </object_component>
      <object_component id="oc-120">
         <name>.debug_info</name>
         <load_address>0xbf33</load_address>
         <run_address>0xbf33</run_address>
         <size>0x289</size>
         <input_file_ref idref="fl-c"/>
      </object_component>
      <object_component id="oc-33a">
         <name>.debug_info</name>
         <load_address>0xc1bc</load_address>
         <run_address>0xc1bc</run_address>
         <size>0x26b</size>
         <input_file_ref idref="fl-c"/>
      </object_component>
      <object_component id="oc-32a">
         <name>.debug_info</name>
         <load_address>0xc427</load_address>
         <run_address>0xc427</run_address>
         <size>0x297</size>
         <input_file_ref idref="fl-c"/>
      </object_component>
      <object_component id="oc-335">
         <name>.debug_info</name>
         <load_address>0xc6be</load_address>
         <run_address>0xc6be</run_address>
         <size>0xef</size>
         <input_file_ref idref="fl-c"/>
      </object_component>
      <object_component id="oc-269">
         <name>.debug_info</name>
         <load_address>0xc7ad</load_address>
         <run_address>0xc7ad</run_address>
         <size>0xbb</size>
         <input_file_ref idref="fl-c"/>
      </object_component>
      <object_component id="oc-2aa">
         <name>.debug_info</name>
         <load_address>0xc868</load_address>
         <run_address>0xc868</run_address>
         <size>0x3d5</size>
         <input_file_ref idref="fl-d"/>
      </object_component>
      <object_component id="oc-180">
         <name>.debug_info</name>
         <load_address>0xcc3d</load_address>
         <run_address>0xcc3d</run_address>
         <size>0x2d7</size>
         <input_file_ref idref="fl-d"/>
      </object_component>
      <object_component id="oc-2a5">
         <name>.debug_info</name>
         <load_address>0xcf14</load_address>
         <run_address>0xcf14</run_address>
         <size>0x257</size>
         <input_file_ref idref="fl-d"/>
      </object_component>
      <object_component id="oc-15b">
         <name>.debug_info</name>
         <load_address>0xd16b</load_address>
         <run_address>0xd16b</run_address>
         <size>0x2f1</size>
         <input_file_ref idref="fl-d"/>
      </object_component>
      <object_component id="oc-186">
         <name>.debug_info</name>
         <load_address>0xd45c</load_address>
         <run_address>0xd45c</run_address>
         <size>0x287</size>
         <input_file_ref idref="fl-d"/>
      </object_component>
      <object_component id="oc-18c">
         <name>.debug_info</name>
         <load_address>0xd6e3</load_address>
         <run_address>0xd6e3</run_address>
         <size>0x287</size>
         <input_file_ref idref="fl-d"/>
      </object_component>
      <object_component id="oc-192">
         <name>.debug_info</name>
         <load_address>0xd96a</load_address>
         <run_address>0xd96a</run_address>
         <size>0x257</size>
         <input_file_ref idref="fl-d"/>
      </object_component>
      <object_component id="oc-29e">
         <name>.debug_info</name>
         <load_address>0xdbc1</load_address>
         <run_address>0xdbc1</run_address>
         <size>0x3b7</size>
         <input_file_ref idref="fl-e"/>
      </object_component>
      <object_component id="oc-29b">
         <name>.debug_info</name>
         <load_address>0xdf78</load_address>
         <run_address>0xdf78</run_address>
         <size>0x15b</size>
         <input_file_ref idref="fl-e"/>
      </object_component>
      <object_component id="oc-137">
         <name>.debug_info</name>
         <load_address>0xe0d3</load_address>
         <run_address>0xe0d3</run_address>
         <size>0x247</size>
         <input_file_ref idref="fl-e"/>
      </object_component>
      <object_component id="oc-13c">
         <name>.debug_info</name>
         <load_address>0xe31a</load_address>
         <run_address>0xe31a</run_address>
         <size>0x271</size>
         <input_file_ref idref="fl-e"/>
      </object_component>
      <object_component id="oc-26e">
         <name>.debug_info</name>
         <load_address>0xe58b</load_address>
         <run_address>0xe58b</run_address>
         <size>0x441</size>
         <input_file_ref idref="fl-f"/>
      </object_component>
      <object_component id="oc-282">
         <name>.debug_info</name>
         <load_address>0xe9cc</load_address>
         <run_address>0xe9cc</run_address>
         <size>0x156</size>
         <input_file_ref idref="fl-f"/>
      </object_component>
      <object_component id="oc-148">
         <name>.debug_info</name>
         <load_address>0xeb22</load_address>
         <run_address>0xeb22</run_address>
         <size>0x29e</size>
         <input_file_ref idref="fl-f"/>
      </object_component>
      <object_component id="oc-118">
         <name>.debug_info</name>
         <load_address>0xedc0</load_address>
         <run_address>0xedc0</run_address>
         <size>0x286</size>
         <input_file_ref idref="fl-f"/>
      </object_component>
      <object_component id="oc-12a">
         <name>.debug_info</name>
         <load_address>0xf046</load_address>
         <run_address>0xf046</run_address>
         <size>0x2be</size>
         <input_file_ref idref="fl-f"/>
      </object_component>
      <object_component id="oc-331">
         <name>.debug_info</name>
         <load_address>0xf304</load_address>
         <run_address>0xf304</run_address>
         <size>0x51</size>
         <input_file_ref idref="fl-f"/>
      </object_component>
      <object_component id="oc-292">
         <name>.debug_info</name>
         <load_address>0xf355</load_address>
         <run_address>0xf355</run_address>
         <size>0x3cb</size>
         <input_file_ref idref="fl-10"/>
      </object_component>
      <object_component id="oc-19c">
         <name>.debug_info</name>
         <load_address>0xf720</load_address>
         <run_address>0xf720</run_address>
         <size>0x288</size>
         <input_file_ref idref="fl-10"/>
      </object_component>
      <object_component id="oc-142">
         <name>.debug_info</name>
         <load_address>0xf9a8</load_address>
         <run_address>0xf9a8</run_address>
         <size>0x298</size>
         <input_file_ref idref="fl-10"/>
      </object_component>
      <object_component id="oc-1a2">
         <name>.debug_info</name>
         <load_address>0xfc40</load_address>
         <run_address>0xfc40</run_address>
         <size>0x296</size>
         <input_file_ref idref="fl-10"/>
      </object_component>
      <object_component id="oc-28c">
         <name>.debug_info</name>
         <load_address>0xfed6</load_address>
         <run_address>0xfed6</run_address>
         <size>0x250</size>
         <input_file_ref idref="fl-10"/>
      </object_component>
      <object_component id="oc-286">
         <name>.debug_info</name>
         <load_address>0x10126</load_address>
         <run_address>0x10126</run_address>
         <size>0x252</size>
         <input_file_ref idref="fl-10"/>
      </object_component>
      <object_component id="oc-130">
         <name>.debug_info</name>
         <load_address>0x10378</load_address>
         <run_address>0x10378</run_address>
         <size>0x32f</size>
         <input_file_ref idref="fl-10"/>
      </object_component>
      <object_component id="oc-1a8">
         <name>.debug_info</name>
         <load_address>0x106a7</load_address>
         <run_address>0x106a7</run_address>
         <size>0x25c</size>
         <input_file_ref idref="fl-10"/>
      </object_component>
      <object_component id="oc-174">
         <name>.debug_info</name>
         <load_address>0x10903</load_address>
         <run_address>0x10903</run_address>
         <size>0x27c</size>
         <input_file_ref idref="fl-10"/>
      </object_component>
      <object_component id="oc-17a">
         <name>.debug_info</name>
         <load_address>0x10b7f</load_address>
         <run_address>0x10b7f</run_address>
         <size>0x256</size>
         <input_file_ref idref="fl-10"/>
      </object_component>
      <object_component id="oc-296">
         <name>.debug_info</name>
         <load_address>0x10dd5</load_address>
         <run_address>0x10dd5</run_address>
         <size>0x21b</size>
         <input_file_ref idref="fl-11"/>
      </object_component>
      <object_component id="oc-36e">
         <name>.debug_info</name>
         <load_address>0x10ff0</load_address>
         <run_address>0x10ff0</run_address>
         <size>0x169</size>
         <input_file_ref idref="fl-c7"/>
      </object_component>
      <object_component id="oc-39b">
         <name>.debug_info</name>
         <load_address>0x11159</load_address>
         <run_address>0x11159</run_address>
         <size>0x8a0</size>
         <input_file_ref idref="fl-c8"/>
      </object_component>
      <object_component id="oc-39f">
         <name>.debug_info</name>
         <load_address>0x119f9</load_address>
         <run_address>0x119f9</run_address>
         <size>0x155</size>
         <input_file_ref idref="fl-c8"/>
      </object_component>
      <object_component id="oc-2e8">
         <name>.debug_info</name>
         <load_address>0x11b4e</load_address>
         <run_address>0x11b4e</run_address>
         <size>0x15b</size>
         <input_file_ref idref="fl-c8"/>
      </object_component>
      <object_component id="oc-3e2">
         <name>.debug_info</name>
         <load_address>0x11ca9</load_address>
         <run_address>0x11ca9</run_address>
         <size>0x147</size>
         <input_file_ref idref="fl-c8"/>
      </object_component>
      <object_component id="oc-38c">
         <name>.debug_info</name>
         <load_address>0x11df0</load_address>
         <run_address>0x11df0</run_address>
         <size>0x14d</size>
         <input_file_ref idref="fl-c8"/>
      </object_component>
      <object_component id="oc-412">
         <name>.debug_info</name>
         <load_address>0x11f3d</load_address>
         <run_address>0x11f3d</run_address>
         <size>0x14c</size>
         <input_file_ref idref="fl-c8"/>
      </object_component>
      <object_component id="oc-3dd">
         <name>.debug_info</name>
         <load_address>0x12089</load_address>
         <run_address>0x12089</run_address>
         <size>0x152</size>
         <input_file_ref idref="fl-c8"/>
      </object_component>
      <object_component id="oc-3e7">
         <name>.debug_info</name>
         <load_address>0x121db</load_address>
         <run_address>0x121db</run_address>
         <size>0x18f</size>
         <input_file_ref idref="fl-c8"/>
      </object_component>
      <object_component id="oc-391">
         <name>.debug_info</name>
         <load_address>0x1236a</load_address>
         <run_address>0x1236a</run_address>
         <size>0x1a8</size>
         <input_file_ref idref="fl-c8"/>
      </object_component>
      <object_component id="oc-397">
         <name>.debug_info</name>
         <load_address>0x12512</load_address>
         <run_address>0x12512</run_address>
         <size>0x19c</size>
         <input_file_ref idref="fl-c8"/>
      </object_component>
      <object_component id="oc-3fc">
         <name>.debug_info</name>
         <load_address>0x126ae</load_address>
         <run_address>0x126ae</run_address>
         <size>0x183</size>
         <input_file_ref idref="fl-c8"/>
      </object_component>
      <object_component id="oc-3ed">
         <name>.debug_info</name>
         <load_address>0x12831</load_address>
         <run_address>0x12831</run_address>
         <size>0x59b</size>
         <input_file_ref idref="fl-c8"/>
      </object_component>
      <object_component id="oc-1d0">
         <name>.debug_info</name>
         <load_address>0x12dcc</load_address>
         <run_address>0x12dcc</run_address>
         <size>0x2c</size>
         <input_file_ref idref="fl-c8"/>
      </object_component>
      <object_component id="oc-3f6">
         <name>.debug_info</name>
         <load_address>0x12df8</load_address>
         <run_address>0x12df8</run_address>
         <size>0x110</size>
         <input_file_ref idref="fl-c8"/>
      </object_component>
      <object_component id="oc-428">
         <name>.debug_info</name>
         <load_address>0x12f08</load_address>
         <run_address>0x12f08</run_address>
         <size>0x6a7</size>
         <input_file_ref idref="fl-c9"/>
      </object_component>
      <object_component id="oc-417">
         <name>.debug_info</name>
         <load_address>0x135af</load_address>
         <run_address>0x135af</run_address>
         <size>0x12c</size>
         <input_file_ref idref="fl-c9"/>
      </object_component>
      <object_component id="oc-424">
         <name>.debug_info</name>
         <load_address>0x136db</load_address>
         <run_address>0x136db</run_address>
         <size>0x131</size>
         <input_file_ref idref="fl-c9"/>
      </object_component>
      <object_component id="oc-41c">
         <name>.debug_info</name>
         <load_address>0x1380c</load_address>
         <run_address>0x1380c</run_address>
         <size>0x177</size>
         <input_file_ref idref="fl-c9"/>
      </object_component>
      <object_component id="oc-432">
         <name>.debug_info</name>
         <load_address>0x13983</load_address>
         <run_address>0x13983</run_address>
         <size>0x2c</size>
         <input_file_ref idref="fl-c9"/>
      </object_component>
      <object_component id="oc-42b">
         <name>.debug_info</name>
         <load_address>0x139af</load_address>
         <run_address>0x139af</run_address>
         <size>0x21e</size>
         <input_file_ref idref="fl-c9"/>
      </object_component>
      <object_component id="oc-437">
         <name>.debug_info</name>
         <load_address>0x13bcd</load_address>
         <run_address>0x13bcd</run_address>
         <size>0x9c</size>
         <input_file_ref idref="fl-c9"/>
      </object_component>
      <object_component id="oc-1ce">
         <name>.debug_info</name>
         <load_address>0x13c69</load_address>
         <run_address>0x13c69</run_address>
         <size>0x33b</size>
         <input_file_ref idref="fl-ca"/>
      </object_component>
      <object_component id="oc-2db">
         <name>.debug_info</name>
         <load_address>0x13fa4</load_address>
         <run_address>0x13fa4</run_address>
         <size>0x154</size>
         <input_file_ref idref="fl-ca"/>
      </object_component>
      <object_component id="oc-1ca">
         <name>.debug_info</name>
         <load_address>0x140f8</load_address>
         <run_address>0x140f8</run_address>
         <size>0x1a2</size>
         <input_file_ref idref="fl-ca"/>
      </object_component>
      <object_component id="oc-8a">
         <name>.debug_info</name>
         <load_address>0x1429a</load_address>
         <run_address>0x1429a</run_address>
         <size>0x1b8</size>
         <input_file_ref idref="fl-ca"/>
      </object_component>
      <object_component id="oc-1db">
         <name>.debug_info</name>
         <load_address>0x14452</load_address>
         <run_address>0x14452</run_address>
         <size>0x17b</size>
         <input_file_ref idref="fl-ca"/>
      </object_component>
      <object_component id="oc-8f">
         <name>.debug_info</name>
         <load_address>0x145cd</load_address>
         <run_address>0x145cd</run_address>
         <size>0x178</size>
         <input_file_ref idref="fl-ca"/>
      </object_component>
      <object_component id="oc-1d5">
         <name>.debug_info</name>
         <load_address>0x14745</load_address>
         <run_address>0x14745</run_address>
         <size>0x6c</size>
         <input_file_ref idref="fl-ca"/>
      </object_component>
      <object_component id="oc-45">
         <name>.debug_info</name>
         <load_address>0x147b1</load_address>
         <run_address>0x147b1</run_address>
         <size>0x119</size>
         <input_file_ref idref="fl-cb"/>
      </object_component>
      <object_component id="oc-ec">
         <name>.debug_info</name>
         <load_address>0x148ca</load_address>
         <run_address>0x148ca</run_address>
         <size>0x2d4</size>
         <input_file_ref idref="fl-cc"/>
      </object_component>
      <object_component id="oc-52">
         <name>.debug_info</name>
         <load_address>0x14b9e</load_address>
         <run_address>0x14b9e</run_address>
         <size>0x1d2</size>
         <input_file_ref idref="fl-cc"/>
      </object_component>
      <object_component id="oc-e7">
         <name>.debug_info</name>
         <load_address>0x14d70</load_address>
         <run_address>0x14d70</run_address>
         <size>0x46</size>
         <input_file_ref idref="fl-cc"/>
      </object_component>
      <object_component id="oc-218">
         <name>.debug_info</name>
         <load_address>0x14db6</load_address>
         <run_address>0x14db6</run_address>
         <size>0x2c</size>
         <input_file_ref idref="fl-cc"/>
      </object_component>
      <object_component id="oc-4f">
         <name>.debug_info</name>
         <load_address>0x14de2</load_address>
         <run_address>0x14de2</run_address>
         <size>0x2a8</size>
         <input_file_ref idref="fl-cd"/>
      </object_component>
      <object_component id="oc-1f">
         <name>.debug_info</name>
         <load_address>0x1508a</load_address>
         <run_address>0x1508a</run_address>
         <size>0x1ea</size>
         <input_file_ref idref="fl-cd"/>
      </object_component>
      <object_component id="oc-4a">
         <name>.debug_info</name>
         <load_address>0x15274</load_address>
         <run_address>0x15274</run_address>
         <size>0x46</size>
         <input_file_ref idref="fl-cd"/>
      </object_component>
      <object_component id="oc-df">
         <name>.debug_info</name>
         <load_address>0x152ba</load_address>
         <run_address>0x152ba</run_address>
         <size>0x2c</size>
         <input_file_ref idref="fl-cd"/>
      </object_component>
      <object_component id="oc-dd">
         <name>.debug_info</name>
         <load_address>0x152e6</load_address>
         <run_address>0x152e6</run_address>
         <size>0x29e</size>
         <input_file_ref idref="fl-ce"/>
      </object_component>
      <object_component id="oc-19">
         <name>.debug_info</name>
         <load_address>0x15584</load_address>
         <run_address>0x15584</run_address>
         <size>0x250</size>
         <input_file_ref idref="fl-ce"/>
      </object_component>
      <object_component id="oc-3a">
         <name>.debug_info</name>
         <load_address>0x157d4</load_address>
         <run_address>0x157d4</run_address>
         <size>0x60</size>
         <input_file_ref idref="fl-ce"/>
      </object_component>
      <object_component id="oc-211">
         <name>.debug_info</name>
         <load_address>0x15834</load_address>
         <run_address>0x15834</run_address>
         <size>0x46</size>
         <input_file_ref idref="fl-ce"/>
      </object_component>
      <object_component id="oc-d8">
         <name>.debug_info</name>
         <load_address>0x1587a</load_address>
         <run_address>0x1587a</run_address>
         <size>0x39</size>
         <input_file_ref idref="fl-ce"/>
      </object_component>
      <object_component id="oc-22e">
         <name>.debug_info</name>
         <load_address>0x158b3</load_address>
         <run_address>0x158b3</run_address>
         <size>0x122</size>
         <input_file_ref idref="fl-cf"/>
      </object_component>
      <object_component id="oc-3b4">
         <name>.debug_info</name>
         <load_address>0x159d5</load_address>
         <run_address>0x159d5</run_address>
         <size>0x2c9</size>
         <input_file_ref idref="fl-d0"/>
      </object_component>
      <object_component id="oc-30f">
         <name>.debug_info</name>
         <load_address>0x15c9e</load_address>
         <run_address>0x15c9e</run_address>
         <size>0x11e</size>
         <input_file_ref idref="fl-d0"/>
      </object_component>
      <object_component id="oc-3ad">
         <name>.debug_info</name>
         <load_address>0x15dbc</load_address>
         <run_address>0x15dbc</run_address>
         <size>0x12e</size>
         <input_file_ref idref="fl-d0"/>
      </object_component>
      <object_component id="oc-76">
         <name>.debug_info</name>
         <load_address>0x15eea</load_address>
         <run_address>0x15eea</run_address>
         <size>0x3b2</size>
         <input_file_ref idref="fl-d1"/>
      </object_component>
      <object_component id="oc-25">
         <name>.debug_info</name>
         <load_address>0x1629c</load_address>
         <run_address>0x1629c</run_address>
         <size>0x10c</size>
         <input_file_ref idref="fl-d1"/>
      </object_component>
      <object_component id="oc-385">
         <name>.debug_info</name>
         <load_address>0x163a8</load_address>
         <run_address>0x163a8</run_address>
         <size>0x13f</size>
         <input_file_ref idref="fl-d1"/>
      </object_component>
      <object_component id="oc-1c2">
         <name>.debug_info</name>
         <load_address>0x164e7</load_address>
         <run_address>0x164e7</run_address>
         <size>0x168</size>
         <input_file_ref idref="fl-d1"/>
      </object_component>
      <object_component id="oc-375">
         <name>.debug_info</name>
         <load_address>0x1664f</load_address>
         <run_address>0x1664f</run_address>
         <size>0x18e</size>
         <input_file_ref idref="fl-d1"/>
      </object_component>
      <object_component id="oc-37b">
         <name>.debug_info</name>
         <load_address>0x167dd</load_address>
         <run_address>0x167dd</run_address>
         <size>0x19f</size>
         <input_file_ref idref="fl-d1"/>
      </object_component>
      <object_component id="oc-2e1">
         <name>.debug_info</name>
         <load_address>0x1697c</load_address>
         <run_address>0x1697c</run_address>
         <size>0x203</size>
         <input_file_ref idref="fl-d1"/>
      </object_component>
      <object_component id="oc-37f">
         <name>.debug_info</name>
         <load_address>0x16b7f</load_address>
         <run_address>0x16b7f</run_address>
         <size>0x1db</size>
         <input_file_ref idref="fl-d1"/>
      </object_component>
      <object_component id="oc-2d4">
         <name>.debug_info</name>
         <load_address>0x16d5a</load_address>
         <run_address>0x16d5a</run_address>
         <size>0x299</size>
         <input_file_ref idref="fl-d1"/>
      </object_component>
      <object_component id="oc-112">
         <name>.debug_info</name>
         <load_address>0x16ff3</load_address>
         <run_address>0x16ff3</run_address>
         <size>0xb2</size>
         <input_file_ref idref="fl-d1"/>
      </object_component>
      <object_component id="oc-10d">
         <name>.debug_info</name>
         <load_address>0x170a5</load_address>
         <run_address>0x170a5</run_address>
         <size>0x2c</size>
         <input_file_ref idref="fl-d1"/>
      </object_component>
      <object_component id="oc-28">
         <name>.debug_info</name>
         <load_address>0x170d1</load_address>
         <run_address>0x170d1</run_address>
         <size>0x10b</size>
         <input_file_ref idref="fl-d2"/>
      </object_component>
      <object_component id="oc-64">
         <name>.debug_info</name>
         <load_address>0x171dc</load_address>
         <run_address>0x171dc</run_address>
         <size>0x1a9</size>
[...]
      </symbol>
      <symbol id="sm-1ec">
         <name>_ZN4UART5WriteEPhi</name>
         <value>0xeab</value>
         <object_component_ref idref="oc-7b"/>
      </symbol>
      <symbol id="sm-1ed">
         <name>_ZN3I2C4ReadEPhi</name>
         <value>0xe41</value>
         <object_component_ref idref="oc-7b"/>
      </symbol>
      <symbol id="sm-1ee">
         <name>_ZN23Communication_InterfaceC1Ev</name>
         <value>0x18fd</value>
         <object_component_ref idref="oc-2ab"/>
      </symbol>
      <symbol id="sm-1ef">
         <name>_ZTS10MODBUS_RTU</name>
         <value>0x1d74</value>
         <object_component_ref idref="oc-358"/>
      </symbol>
      <symbol id="sm-1f0">
         <name>_ZTV3I2C</name>
         <value>0x1d34</value>
         <object_component_ref idref="oc-1ad"/>
      </symbol>
      <symbol id="sm-1f1">
         <name>_ZTI23Communication_Interface</name>
         <value>0x1df8</value>
         <object_component_ref idref="oc-35d"/>
      </symbol>
      <symbol id="sm-1f2">
         <name>_ZN10MODBUS_RTU4ReadEPhi</name>
         <value>0xced</value>
         <object_component_ref idref="oc-7b"/>
      </symbol>
      <symbol id="sm-1f3">
         <name>_ZTV23Communication_Interface</name>
         <value>0x1d24</value>
         <object_component_ref idref="oc-353"/>
      </symbol>
      <symbol id="sm-1f4">
         <name>_ZTI3I2C</name>
         <value>0x1dc0</value>
         <object_component_ref idref="oc-2c2"/>
      </symbol>
      <symbol id="sm-1f5">
         <name>_ZTV4UART</name>
         <value>0x1d44</value>
         <object_component_ref idref="oc-1b2"/>
      </symbol>
      <symbol id="sm-1f6">
         <name>_ZTS4UART</name>
         <value>0x1e10</value>
         <object_component_ref idref="oc-367"/>
      </symbol>
      <symbol id="sm-1f7">
         <name>_Z9EnableI2C7I2C_CFG</name>
         <value>0xbd5</value>
         <object_component_ref idref="oc-7b"/>
      </symbol>
      <symbol id="sm-1f8">
         <name>_ZTI4UART</name>
         <value>0x1dcc</value>
         <object_component_ref idref="oc-2c7"/>
      </symbol>
      <symbol id="sm-1f9">
         <name>_Z10EnableUART8UART_CFGb</name>
         <value>0xb71</value>
         <object_component_ref idref="oc-7b"/>
      </symbol>
      <symbol id="sm-1fa">
         <name>_ZN4UART4ReadEPhi</name>
         <value>0xec1</value>
         <object_component_ref idref="oc-7b"/>
      </symbol>
      <symbol id="sm-1fb">
         <name>_ZTI10MODBUS_RTU</name>
         <value>0x1d90</value>
         <object_component_ref idref="oc-2ba"/>
      </symbol>
      <symbol id="sm-1fc">
         <name>_ZTS23Communication_Interface</name>
         <value>0x1c4a</value>
         <object_component_ref idref="oc-3cb"/>
      </symbol>
      <symbol id="sm-1fd">
         <name>_ZN10MODBUS_RTU5WriteEPhi</name>
         <value>0xca1</value>
         <object_component_ref idref="oc-7b"/>
      </symbol>
      <symbol id="sm-1fe">
         <name>_ZN3I2CC1E7I2C_CFG</name>
         <value>0xd29</value>
         <object_component_ref idref="oc-7b"/>
      </symbol>
      <symbol id="sm-1ff">
         <name>_ZN10MODBUS_RTUC1E8UART_CFG3PIN</name>
         <value>0xc29</value>
         <object_component_ref idref="oc-7b"/>
      </symbol>
      <symbol id="sm-23c">
         <name>_ZN24CFW300_FrequencyInverterD2Ev</name>
         <value>0x801</value>
         <object_component_ref idref="oc-221"/>
      </symbol>
      <symbol id="sm-23d">
         <name>_ZN24CFW300_FrequencyInverter12getVelRef13bEv</name>
         <value>0x893</value>
         <object_component_ref idref="oc-221"/>
      </symbol>
      <symbol id="sm-23e">
         <name>_ZN23LabView_ControlComputer19SendResponseMessageEv</name>
         <value>0xb61</value>
         <object_component_ref idref="oc-221"/>
      </symbol>
      <symbol id="sm-23f">
         <name>_ZN11MCP4725_DACC1Eh</name>
         <value>0x8e1</value>
         <object_component_ref idref="oc-221"/>
      </symbol>
      <symbol id="sm-240">
         <name>_ZN24CFW300_FrequencyInverter12setVelRef13bEi</name>
         <value>0x8a1</value>
         <object_component_ref idref="oc-221"/>
      </symbol>
      <symbol id="sm-241">
         <name>_ZN23LabView_ControlComputerC1EP11MCP4725_DACP24CFW300_FrequencyInverterS3_</name>
         <value>0x99f</value>
         <object_component_ref idref="oc-221"/>
      </symbol>
      <symbol id="sm-242">
         <name>_ZN11MCP4725_DACD1Ev</name>
         <value>0x93d</value>
         <object_component_ref idref="oc-221"/>
      </symbol>
      <symbol id="sm-243">
         <name>_ZN11MCP4725_DACC2Eh</name>
         <value>0x8e1</value>
         <object_component_ref idref="oc-221"/>
      </symbol>
      <symbol id="sm-244">
         <name>_ZN23LabView_ControlComputerC2EP11MCP4725_DACP24CFW300_FrequencyInverterS3_</name>
         <value>0x99f</value>
         <object_component_ref idref="oc-221"/>
      </symbol>
      <symbol id="sm-245">
         <name>_ZN11MCP4725_DAC15setVoltageLevelEh</name>
         <value>0x95d</value>
         <object_component_ref idref="oc-221"/>
      </symbol>
      <symbol id="sm-246">
         <name>_ZN24CFW300_FrequencyInverter10setMotorONEb</name>
         <value>0x821</value>
         <object_component_ref idref="oc-221"/>
      </symbol>
      <symbol id="sm-247">
         <name>_ZN11MCP4725_DACD2Ev</name>
         <value>0x93d</value>
         <object_component_ref idref="oc-221"/>
      </symbol>
      <symbol id="sm-248">
         <name>_ZN23LabView_ControlComputerD2Ev</name>
         <value>0xa07</value>
         <object_component_ref idref="oc-221"/>
      </symbol>
      <symbol id="sm-249">
         <name>_ZN23LabView_ControlComputer3RunEv</name>
         <value>0xa19</value>
         <object_component_ref idref="oc-221"/>
      </symbol>
      <symbol id="sm-24a">
         <name>_ZN23LabView_ControlComputer22ReceiveLabviewCommandsEv</name>
         <value>0xa7d</value>
         <object_component_ref idref="oc-221"/>
      </symbol>
      <symbol id="sm-24b">
         <name>_ZN24CFW300_FrequencyInverterC1Eh</name>
         <value>0x7b5</value>
         <object_component_ref idref="oc-221"/>
      </symbol>
      <symbol id="sm-24c">
         <name>_ZN11MCP4725_DAC15getVoltageLevelEv</name>
         <value>0x94f</value>
         <object_component_ref idref="oc-221"/>
      </symbol>
      <symbol id="sm-24d">
         <name>_ZN23LabView_ControlComputerD1Ev</name>
         <value>0xa07</value>
         <object_component_ref idref="oc-221"/>
      </symbol>
      <symbol id="sm-24e">
         <name>_ZN24CFW300_FrequencyInverter10getMotorONEv</name>
         <value>0x813</value>
         <object_component_ref idref="oc-221"/>
      </symbol>
      <symbol id="sm-24f">
         <name>_ZN24CFW300_FrequencyInverterC2Eh</name>
         <value>0x7b5</value>
         <object_component_ref idref="oc-221"/>
      </symbol>
      <symbol id="sm-250">
         <name>_ZN24CFW300_FrequencyInverterD1Ev</name>
         <value>0x801</value>
         <object_component_ref idref="oc-221"/>
      </symbol>
      <symbol id="sm-26a">
         <name>main</name>
         <value>0x1379</value>
         <object_component_ref idref="oc-f9"/>
      </symbol>
      <symbol id="sm-28b">
         <name>ResetISR</name>
         <value>0x19e5</value>
         <object_component_ref idref="oc-2a"/>
      </symbol>
      <symbol id="sm-28c">
         <name>g_pfnVectors</name>
         <value>0x0</value>
         <object_component_ref idref="oc-12"/>
      </symbol>
      <symbol id="sm-2fa">
         <name>GPIOPinConfigure</name>
         <value>0x166d</value>
         <object_component_ref idref="oc-11d"/>
      </symbol>
      <symbol id="sm-2fb">
         <name>GPIOPinTypeI2CSCL</name>
         <value>0x192b</value>
         <object_component_ref idref="oc-14d"/>
      </symbol>
      <symbol id="sm-2fc">
         <name>GPIOPinTypeI2C</name>
         <value>0x1915</value>
         <object_component_ref idref="oc-153"/>
      </symbol>
      <symbol id="sm-2fd">
         <name>GPIOPinTypeUART</name>
         <value>0x1941</value>
         <object_component_ref idref="oc-123"/>
      </symbol>
      <symbol id="sm-2fe">
         <name>GPIOPinTypeGPIOOutput</name>
         <value>0x18c9</value>
         <object_component_ref idref="oc-166"/>
      </symbol>
      <symbol id="sm-2ff">
         <name>GPIODirModeSet</name>
         <value>0x17f9</value>
         <object_component_ref idref="oc-274"/>
      </symbol>
      <symbol id="sm-300">
         <name>GPIOPinWrite</name>
         <value>0x1a41</value>
         <object_component_ref idref="oc-16c"/>
      </symbol>
      <symbol id="sm-301">
         <name>GPIOPadConfigSet</name>
         <value>0xf11</value>
         <object_component_ref idref="oc-27a"/>
      </symbol>
      <symbol id="sm-33b">
         <name>I2CMasterDataPut</name>
         <value>0x1a57</value>
         <object_component_ref idref="oc-184"/>
      </symbol>
      <symbol id="sm-33c">
         <name>I2CMasterInitExpClk</name>
         <value>0x16b9</value>
         <object_component_ref idref="oc-159"/>
      </symbol>
      <symbol id="sm-33d">
         <name>I2CMasterSlaveAddrSet</name>
         <value>0x1a21</value>
         <object_component_ref idref="oc-17e"/>
      </symbol>
      <symbol id="sm-33e">
         <name>I2CMasterControl</name>
         <value>0x1a53</value>
         <object_component_ref idref="oc-18a"/>
      </symbol>
      <symbol id="sm-33f">
         <name>I2CMasterBusy</name>
         <value>0x1a19</value>
         <object_component_ref idref="oc-190"/>
      </symbol>
      <symbol id="sm-340">
         <name>I2CMasterEnable</name>
         <value>0x19f1</value>
         <object_component_ref idref="oc-2a3"/>
      </symbol>
      <symbol id="sm-368">
         <name>IntEnable</name>
         <value>0x154d</value>
         <object_component_ref idref="oc-13b"/>
      </symbol>
      <symbol id="sm-369">
         <name>IntMasterEnable</name>
         <value>0x196b</value>
         <object_component_ref idref="oc-135"/>
      </symbol>
      <symbol id="sm-3b2">
         <name>SysCtlDelay</name>
         <value>0x1a47</value>
         <object_component_ref idref="oc-94"/>
      </symbol>
      <symbol id="sm-3b3">
         <name>SysCtlPeripheralEnable</name>
         <value>0x1791</value>
         <object_component_ref idref="oc-117"/>
      </symbol>
      <symbol id="sm-3b4">
         <name>SysCtlClockGet</name>
         <value>0x107d</value>
         <object_component_ref idref="oc-129"/>
      </symbol>
      <symbol id="sm-3b5">
         <name>SysCtlPeripheralReset</name>
         <value>0x161d</value>
         <object_component_ref idref="oc-147"/>
      </symbol>
      <symbol id="sm-408">
         <name>UARTConfigSetExpClk</name>
         <value>0x1705</value>
         <object_component_ref idref="oc-12f"/>
      </symbol>
      <symbol id="sm-409">
         <name>UARTDisable</name>
         <value>0x1871</value>
         <object_component_ref idref="oc-285"/>
      </symbol>
      <symbol id="sm-40a">
         <name>UARTIntEnable</name>
         <value>0x1a29</value>
         <object_component_ref idref="oc-141"/>
      </symbol>
      <symbol id="sm-40b">
         <name>UARTCharsAvail</name>
         <value>0x197b</value>
         <object_component_ref idref="oc-1a7"/>
      </symbol>
      <symbol id="sm-40c">
         <name>UARTCharPut</name>
         <value>0x1a05</value>
         <object_component_ref idref="oc-172"/>
      </symbol>
      <symbol id="sm-40d">
         <name>UARTEnable</name>
         <value>0x1957</value>
         <object_component_ref idref="oc-28b"/>
      </symbol>
      <symbol id="sm-40e">
         <name>UARTIntClear</name>
         <value>0x1a5b</value>
         <object_component_ref idref="oc-1a1"/>
      </symbol>
      <symbol id="sm-40f">
         <name>UARTIntStatus</name>
         <value>0x1a0f</value>
         <object_component_ref idref="oc-19b"/>
      </symbol>
      <symbol id="sm-410">
         <name>UARTCharGet</name>
         <value>0x19fb</value>
         <object_component_ref idref="oc-178"/>
      </symbol>
      <symbol id="sm-41a">
         <name>CPUcpsie</name>
         <value>0x19b3</value>
         <object_component_ref idref="oc-293"/>
      </symbol>
      <symbol id="sm-424">
         <name>__cxa_pure_virtual</name>
         <value>0x1a4d</value>
         <object_component_ref idref="oc-36c"/>
      </symbol>
      <symbol id="sm-47e">
         <name>_ZN10__cxxabiv117__class_type_infoD1Ev</name>
         <value>0x1a5f</value>
         <object_component_ref idref="oc-3e6"/>
      </symbol>
      <symbol id="sm-47f">
         <name>_ZTSN10__cxxabiv120__si_class_type_infoE</name>
         <value>0x1bdc</value>
         <object_component_ref idref="oc-3dc"/>
      </symbol>
      <symbol id="sm-480">
         <name>_ZTSN10__cxxabiv117__class_type_infoE</name>
         <value>0x1c28</value>
         <object_component_ref idref="oc-411"/>
      </symbol>
      <symbol id="sm-481">
         <name>_ZN10__cxxabiv117__class_type_infoD2Ev</name>
         <value>0x1a5f</value>
         <object_component_ref idref="oc-3e6"/>
      </symbol>
      <symbol id="sm-482">
         <name>_ZN10__cxxabiv120__si_class_type_infoD2Ev</name>
         <value>0x1a63</value>
         <object_component_ref idref="oc-390"/>
      </symbol>
      <symbol id="sm-483">
         <name>_ZTVN10__cxxabiv117__class_type_infoE</name>
         <value>0x1d54</value>
         <object_component_ref idref="oc-39e"/>
      </symbol>
      <symbol id="sm-484">
         <name>_ZTIN10__cxxabiv117__class_type_infoE</name>
         <value>0x1dd8</value>
         <object_component_ref idref="oc-3e1"/>
      </symbol>
      <symbol id="sm-485">
         <name>_ZN10__cxxabiv120__si_class_type_infoD1Ev</name>
         <value>0x1a63</value>
         <object_component_ref idref="oc-390"/>
      </symbol>
      <symbol id="sm-486">
         <name>_ZTIN10__cxxabiv120__si_class_type_infoE</name>
         <value>0x1de4</value>
         <object_component_ref idref="oc-38b"/>
      </symbol>
      <symbol id="sm-487">
         <name>_ZN10__cxxabiv117__class_type_infoD0Ev</name>
         <value>0x1989</value>
         <object_component_ref idref="oc-3fb"/>
      </symbol>
      <symbol id="sm-488">
         <name>_ZTVN10__cxxabiv120__si_class_type_infoE</name>
         <value>0x1d64</value>
         <object_component_ref idref="oc-2e7"/>
      </symbol>
      <symbol id="sm-489">
         <name>_ZN10__cxxabiv120__si_class_type_infoD0Ev</name>
         <value>0x1997</value>
         <object_component_ref idref="oc-396"/>
      </symbol>
      <symbol id="sm-4b2">
         <name>_ZTSSt9type_info</name>
         <value>0x1d81</value>
         <object_component_ref idref="oc-423"/>
      </symbol>
      <symbol id="sm-4b3">
         <name>_ZNSt9type_infoD2Ev</name>
         <value>0xb6f</value>
         <object_component_ref idref="oc-41b"/>
      </symbol>
      <symbol id="sm-4b4">
         <name>_ZNSt9type_infoD1Ev</name>
         <value>0xb6f</value>
         <object_component_ref idref="oc-41b"/>
      </symbol>
      <symbol id="sm-4b5">
         <name>_ZTISt9type_info</name>
         <value>0x1e00</value>
         <object_component_ref idref="oc-416"/>
      </symbol>
      <symbol id="sm-4ec">
         <name>_ZSt15get_new_handlerv</name>
         <value>0x19d9</value>
         <object_component_ref idref="oc-1c7"/>
      </symbol>
      <symbol id="sm-4ed">
         <name>_Znwj</name>
         <value>0x184d</value>
         <object_component_ref idref="oc-88"/>
      </symbol>
      <symbol id="sm-4ee">
         <name>_ZdlPv</name>
         <value>0x1a31</value>
         <object_component_ref idref="oc-1da"/>
      </symbol>
      <symbol id="sm-4ef">
         <name>_ZdlPvj</name>
         <value>0x1a67</value>
         <object_component_ref idref="oc-8e"/>
      </symbol>
      <symbol id="sm-50a">
         <name>memcpy</name>
         <value>0x143f</value>
         <object_component_ref idref="oc-44"/>
      </symbol>
      <symbol id="sm-50b">
         <name>__aeabi_memcpy</name>
         <value>0x143f</value>
         <object_component_ref idref="oc-44"/>
      </symbol>
      <symbol id="sm-50c">
         <name>__aeabi_memcpy8</name>
         <value>0x143f</value>
         <object_component_ref idref="oc-44"/>
      </symbol>
      <symbol id="sm-50d">
         <name>__aeabi_memcpy4</name>
         <value>0x143f</value>
         <object_component_ref idref="oc-44"/>
      </symbol>
      <symbol id="sm-526">
         <name>__TI_zero_init_nomemset</name>
         <value>0x1891</value>
         <object_component_ref idref="oc-50"/>
      </symbol>
      <symbol id="sm-53d">
         <name>__TI_decompress_none</name>
         <value>0x19a5</value>
         <object_component_ref idref="oc-1b"/>
      </symbol>
      <symbol id="sm-560">
         <name>__TI_decompress_lzss</name>
         <value>0x15b5</value>
         <object_component_ref idref="oc-15"/>
      </symbol>
      <symbol id="sm-56b">
         <name>C$$EXIT</name>
         <value>0x1a73</value>
         <object_component_ref idref="oc-22a"/>
      </symbol>
      <symbol id="sm-56c">
         <name>abort</name>
         <value>0x1a73</value>
         <object_component_ref idref="oc-22a"/>
      </symbol>
      <symbol id="sm-581">
         <name>_nop</name>
         <value>0x14db</value>
         <object_component_ref idref="oc-3ac"/>
      </symbol>
      <symbol id="sm-582">
         <name>_lock</name>
         <value>0x20000200</value>
         <object_component_ref idref="oc-30e"/>
      </symbol>
      <symbol id="sm-583">
         <name>_unlock</name>
         <value>0x20000204</value>
         <object_component_ref idref="oc-30e"/>
      </symbol>
      <symbol id="sm-60c">
         <name>_sys_memory</name>
         <value>0x20000280</value>
         <object_component_ref idref="oc-24"/>
      </symbol>
      <symbol id="sm-60d">
         <name>free</name>
         <value>0x1295</value>
         <object_component_ref idref="oc-2e0"/>
      </symbol>
      <symbol id="sm-60e">
         <name>memalign</name>
         <value>0x1195</value>
         <object_component_ref idref="oc-2d3"/>
      </symbol>
      <symbol id="sm-60f">
         <name>malloc</name>
         <value>0x1a39</value>
         <object_component_ref idref="oc-1c1"/>
      </symbol>
      <symbol id="sm-610">
         <name>aligned_alloc</name>
         <value>0x1195</value>
         <object_component_ref idref="oc-2d3"/>
      </symbol>
      <symbol id="sm-623">
         <name>__stack</name>
         <value>0x20000218</value>
         <object_component_ref idref="oc-27"/>
      </symbol>
      <symbol id="sm-624">
         <name>_c_int00_noargs</name>
         <value>0x17c5</value>
         <object_component_ref idref="oc-62"/>
      </symbol>
      <symbol id="sm-62e">
         <name>__abort_execution</name>
         <value>0x1a6b</value>
         <object_component_ref idref="oc-3d0"/>
      </symbol>
      <symbol id="sm-658">
         <name>__TI_auto_init_nobinit_nopinit</name>
         <value>0x174d</value>
         <object_component_ref idref="oc-236"/>
      </symbol>
      <symbol id="sm-662">
         <name>_system_pre_init</name>
         <value>0x1a6f</value>
         <object_component_ref idref="oc-f3"/>
      </symbol>
      <symbol id="sm-665">
         <name>__TI_static_base__</name>
         <value>0x0</value>
      </symbol>
      <symbol id="sm-668">
         <name>__mpu_init</name>
         <value>0x0</value>
      </symbol>
      <symbol id="sm-669">
         <name>_system_post_cinit</name>
         <value>0x0</value>
      </symbol>
      <symbol id="sm-66a">
         <name>_ZSt17__throw_bad_allocv</name>
         <value>0x1a73</value>
      </symbol>
   </symbol_table>
   <title>Link successful</title>
</link_info>
