******************************************************************************
                  TI ARM Linker PC v20.2.5                     
******************************************************************************
>> Linked Sun Dec  4 23:39:37 2022

OUTPUT FILE NAME:   <lab12.out>
ENTRY POINT SYMBOL: "_c_int00_noargs"  address: 000017c5


MEMORY CONFIGURATION

         name            origin    length      used     unused   attr    fill
----------------------  --------  ---------  --------  --------  ----  --------
  FLASH                 00000000   00040000  00001f95  0003e06b  R  X
  SRAM                  20000000   00008000  00000296  00007d6a  RW X


SEGMENT ALLOCATION MAP

run origin  load origin   length   init length attrs members
----------  ----------- ---------- ----------- ----- -------
00000000    00000000    00001f98   00001f98    r-x
  00000000    00000000    0000026c   0000026c    r-- .intvecs
  0000026c    0000026c    0000180a   0000180a    r-x .text
  00001a78    00001a78    000003a7   000003a7    r-- .const
  00001e20    00001e20    00000178   00000178    r-- .cinit
20000000    20000000    0000029c   00000000    rw-
  20000000    20000000    00000212   00000000    rw- .data
  20000218    20000218    00000068   00000000    rw- .stack
  20000280    20000280    00000010   00000000    rw- .sysmem
  20000290    20000290    0000000c   00000000    rw- .bss


SECTION ALLOCATION MAP

 output                                  attributes/
section   page    origin      length       input sections
--------  ----  ----------  ----------   ----------------
.intvecs   0    00000000    0000026c     
                  00000000    0000026c     tm4c123gh6pm_startup_ccs.obj (.intvecs)

.text      0    0000026c    0000180a     
                  0000026c    00000548     Communication_Handlers.obj (.text)
                  000007b4    000003ba     Devices.obj (.text)
                  00000b6e    00000002     rtsv7M4_T_le_v4SPD16_eabi.lib : stdlib_typeinfo.cpp.obj (.text:_ZNSt9type_infoD1Ev)
                  00000b70    000003a0     Communication_Interfaces.obj (.text)
                  00000f10    0000016c     driverlib.lib : gpio.obj (.text:GPIOPadConfigSet)
                  0000107c    00000118                   : sysctl.obj (.text:SysCtlClockGet)
                  00001194    00000100     rtsv7M4_T_le_v4SPD16_eabi.lib : memory.c.obj (.text:aligned_alloc)
                  00001294    000000e4                                   : memory.c.obj (.text:free)
                  00001378    000000c6     main.obj (.text)
                  0000143e    0000009c     rtsv7M4_T_le_v4SPD16_eabi.lib : memcpy_t2.asm.obj (.text)
                  000014da    00000002                                   : _lock.c.obj (.text:_nop)
                  000014dc    00000070                                   : memory.c.obj (.text:split)
                  0000154c    00000068     driverlib.lib : interrupt.obj (.text:IntEnable)
                  000015b4    00000068     rtsv7M4_T_le_v4SPD16_eabi.lib : copy_decompress_lzss.c.obj (.text:decompress:lzss:__TI_decompress_lzss)
                  0000161c    00000050     driverlib.lib : sysctl.obj (.text:SysCtlPeripheralReset)
                  0000166c    0000004c                   : gpio.obj (.text:GPIOPinConfigure)
                  000016b8    0000004c                   : i2c.obj (.text:I2CMasterInitExpClk)
                  00001704    00000046                   : uart.obj (.text:UARTConfigSetExpClk)
                  0000174a    00000002     --HOLE-- [fill = 0]
                  0000174c    00000044     rtsv7M4_T_le_v4SPD16_eabi.lib : autoinit.c.obj (.text:__TI_auto_init_nobinit_nopinit:__TI_auto_init_nobinit_nopinit)
                  00001790    00000034     driverlib.lib : sysctl.obj (.text:SysCtlPeripheralEnable)
                  000017c4    00000034     rtsv7M4_T_le_v4SPD16_eabi.lib : boot_cortex_m.c.obj (.text:_c_int00_noargs:_c_int00_noargs)
                  000017f8    0000002c     driverlib.lib : gpio.obj (.text:GPIODirModeSet)
                  00001824    00000028     rtsv7M4_T_le_v4SPD16_eabi.lib : memory.c.obj (.text:free_list_insert)
                  0000184c    00000022                                   : new.cpp.obj (.text:_Znwj)
                  0000186e    00000002     --HOLE-- [fill = 0]
                  00001870    00000020     driverlib.lib : uart.obj (.text:UARTDisable)
                  00001890    0000001c     rtsv7M4_T_le_v4SPD16_eabi.lib : copy_zero_init.c.obj (.text:decompress:ZI:__TI_zero_init_nomemset:__TI_zero_init_nomemset)
                  000018ac    0000001c                                   : memory.c.obj (.text:free_list_remove)
                  000018c8    0000001a     driverlib.lib : gpio.obj (.text:GPIOPinTypeGPIOOutput)
                  000018e2    00000002     --HOLE-- [fill = 0]
                  000018e4    00000018     Communication_Handlers.obj (.text:_ZN21Communication_HandlerC1Ev)
                  000018fc    00000018     Communication_Interfaces.obj (.text:_ZN23Communication_InterfaceC1Ev)
                  00001914    00000016     driverlib.lib : gpio.obj (.text:GPIOPinTypeI2C)
                  0000192a    00000016                   : gpio.obj (.text:GPIOPinTypeI2CSCL)
                  00001940    00000016                   : gpio.obj (.text:GPIOPinTypeUART)
                  00001956    00000014                   : uart.obj (.text:UARTEnable)
                  0000196a    00000010                   : interrupt.obj (.text:IntMasterEnable)
                  0000197a    0000000e                   : uart.obj (.text:UARTCharsAvail)
                  00001988    0000000e     rtsv7M4_T_le_v4SPD16_eabi.lib : typeinfo.c.obj (.text:_ZN10__cxxabiv117__class_type_infoD0Ev)
                  00001996    0000000e                                   : typeinfo.c.obj (.text:_ZN10__cxxabiv120__si_class_type_infoD0Ev)
                  000019a4    0000000e                                   : copy_decompress_none.c.obj (.text:decompress:none:__TI_decompress_none)
                  000019b2    0000000c     driverlib.lib : cpu.obj (.text:CPUcpsie)
                  000019be    0000000c     Communication_Handlers.obj (.text:_ZN21Communication_HandlerC2Ev)
                  000019ca    0000000c     Communication_Interfaces.obj (.text:_ZN23Communication_InterfaceC2Ev)
                  000019d6    00000002     --HOLE-- [fill = 0]
                  000019d8    0000000c     rtsv7M4_T_le_v4SPD16_eabi.lib : new.cpp.obj (.text:_ZSt15get_new_handlerv)
                  000019e4    0000000c     tm4c123gh6pm_startup_ccs.obj (.text)
                  000019f0    0000000a     driverlib.lib : i2c.obj (.text:I2CMasterEnable)
                  000019fa    0000000a                   : uart.obj (.text:UARTCharGet)
                  00001a04    0000000a                   : uart.obj (.text:UARTCharPut)
                  00001a0e    0000000a                   : uart.obj (.text:UARTIntStatus)
                  00001a18    00000008                   : i2c.obj (.text:I2CMasterBusy)
                  00001a20    00000008                   : i2c.obj (.text:I2CMasterSlaveAddrSet)
                  00001a28    00000008                   : uart.obj (.text:UARTIntEnable)
                  00001a30    00000008     rtsv7M4_T_le_v4SPD16_eabi.lib : new.cpp.obj (.text:_ZdlPv)
                  00001a38    00000008                                   : memory.c.obj (.text:malloc)
                  00001a40    00000006     driverlib.lib : gpio.obj (.text:GPIOPinWrite)
                  00001a46    00000006                   : sysctl.obj (.text:SysCtlDelay)
                  00001a4c    00000006     rtsv7M4_T_le_v4SPD16_eabi.lib : pure_virt.c.obj (.text:__cxa_pure_virtual)
                  00001a52    00000004     driverlib.lib : i2c.obj (.text:I2CMasterControl)
                  00001a56    00000004                   : i2c.obj (.text:I2CMasterDataPut)
                  00001a5a    00000004                   : uart.obj (.text:UARTIntClear)
                  00001a5e    00000004     rtsv7M4_T_le_v4SPD16_eabi.lib : typeinfo.c.obj (.text:_ZN10__cxxabiv117__class_type_infoD1Ev)
                  00001a62    00000004                                   : typeinfo.c.obj (.text:_ZN10__cxxabiv120__si_class_type_infoD1Ev)
                  00001a66    00000004                                   : new.cpp.obj (.text:_ZdlPvj)
                  00001a6a    00000004                                   : error.c.obj (.text:__abort_execution)
                  00001a6e    00000004                                   : pre_init.c.obj (.text:_system_pre_init)
                  00001a72    00000004                                   : exit.c.obj (.text:abort:abort)

.const     0    00001a78    000003a7     
                  00001a78    00000090     driverlib.lib : gpio.obj (.const:g_pui32GPIOBaseAddrs)
                  00001b08    0000006c                   : sysctl.obj (.const:g_pui32Xtals)
                  00001b74    00000034     Communication_Handlers.obj (.const:UART_CFW300)
                  00001ba8    00000034     Communication_Handlers.obj (.const:UART_LABVIEW)
                  00001bdc    00000025     rtsv7M4_T_le_v4SPD16_eabi.lib : typeinfo.c.obj (.const:.typeinfo:_ZTSN10__cxxabiv120__si_class_type_infoE)
                  00001c01    00000003     --HOLE-- [fill = 0]
                  00001c04    00000024     Communication_Handlers.obj (.const:I2C_MCP4725)
                  00001c28    00000022     rtsv7M4_T_le_v4SPD16_eabi.lib : typeinfo.c.obj (.const:.typeinfo:_ZTSN10__cxxabiv117__class_type_infoE)
                  00001c4a    0000001a     Communication_Interfaces.obj (.const:.typeinfo:_ZTS23Communication_Interface)
                  00001c64    00000018     Communication_Handlers.obj (.const:.typeinfo:_ZTS21Communication_Handler)
                  00001c7c    00000017     Communication_Handlers.obj (.const:.typeinfo:_ZTS20CFW300_ModbusHandler)
                  00001c93    00000016     Communication_Handlers.obj (.const:.typeinfo:_ZTS19LabView_UARTHandler)
                  00001ca9    00000015     Communication_Handlers.obj (.const:.typeinfo:_ZTS18MCP4725_I2CHandler)
                  00001cbe    00000002     --HOLE-- [fill = 0]
                  00001cc0    00000014     driverlib.lib : interrupt.obj (.const:g_pui32EnRegs)
                  00001cd4    00000010     Communication_Interfaces.obj (.const:_ZTV10MODBUS_RTU)
                  00001ce4    00000010     Communication_Handlers.obj (.const:_ZTV18MCP4725_I2CHandler)
                  00001cf4    00000010     Communication_Handlers.obj (.const:_ZTV19LabView_UARTHandler)
                  00001d04    00000010     Communication_Handlers.obj (.const:_ZTV20CFW300_ModbusHandler)
                  00001d14    00000010     Communication_Handlers.obj (.const:_ZTV21Communication_Handler)
                  00001d24    00000010     Communication_Interfaces.obj (.const:_ZTV23Communication_Interface)
                  00001d34    00000010     Communication_Interfaces.obj (.const:_ZTV3I2C)
                  00001d44    00000010     Communication_Interfaces.obj (.const:_ZTV4UART)
                  00001d54    00000010     rtsv7M4_T_le_v4SPD16_eabi.lib : typeinfo.c.obj (.const:_ZTVN10__cxxabiv117__class_type_infoE)
                  00001d64    00000010                                   : typeinfo.c.obj (.const:_ZTVN10__cxxabiv120__si_class_type_infoE)
                  00001d74    0000000d     Communication_Interfaces.obj (.const:.typeinfo:_ZTS10MODBUS_RTU)
                  00001d81    0000000d     rtsv7M4_T_le_v4SPD16_eabi.lib : stdlib_typeinfo.cpp.obj (.const:.typeinfo:_ZTSSt9type_info)
                  00001d8e    00000002     --HOLE-- [fill = 0]
                  00001d90    0000000c     Communication_Interfaces.obj (.const:.typeinfo:_ZTI10MODBUS_RTU)
                  00001d9c    0000000c     Communication_Handlers.obj (.const:.typeinfo:_ZTI18MCP4725_I2CHandler)
                  00001da8    0000000c     Communication_Handlers.obj (.const:.typeinfo:_ZTI19LabView_UARTHandler)
                  00001db4    0000000c     Communication_Handlers.obj (.const:.typeinfo:_ZTI20CFW300_ModbusHandler)
                  00001dc0    0000000c     Communication_Interfaces.obj (.const:.typeinfo:_ZTI3I2C)
                  00001dcc    0000000c     Communication_Interfaces.obj (.const:.typeinfo:_ZTI4UART)
                  00001dd8    0000000c     rtsv7M4_T_le_v4SPD16_eabi.lib : typeinfo.c.obj (.const:.typeinfo:_ZTIN10__cxxabiv117__class_type_infoE)
                  00001de4    0000000c                                   : typeinfo.c.obj (.const:.typeinfo:_ZTIN10__cxxabiv120__si_class_type_infoE)
                  00001df0    00000008     Communication_Handlers.obj (.const:.typeinfo:_ZTI21Communication_Handler)
                  00001df8    00000008     Communication_Interfaces.obj (.const:.typeinfo:_ZTI23Communication_Interface)
                  00001e00    00000008     rtsv7M4_T_le_v4SPD16_eabi.lib : stdlib_typeinfo.cpp.obj (.const:.typeinfo:_ZTISt9type_info)
                  00001e08    00000008     Communication_Handlers.obj (.const:ENABLE_TX_PB4)
                  00001e10    00000006     Communication_Interfaces.obj (.const:.typeinfo:_ZTS4UART)
                  00001e16    00000005     Communication_Interfaces.obj (.const:.typeinfo:_ZTS3I2C)
                  00001e1b    00000004     Communication_Handlers.obj (.const:.string:ValidCommands)

.cinit     0    00001e20    00000178     
                  00001e20    0000014e     (.cinit..data.load) [load image, compression = lzss]
                  00001f6e    00000002     --HOLE-- [fill = 0]
                  00001f70    0000000c     (__TI_handler_table)
                  00001f7c    00000004     --HOLE-- [fill = 0]
                  00001f80    00000008     (.cinit..bss.load) [load image, compression = zero_init]
                  00001f88    00000010     (__TI_cinit_table)

.init_array 
*          0    00000000    00000000     UNINITIALIZED

.data      0    20000000    00000212     UNINITIALIZED
                  20000000    00000100     Communication_Handlers.obj (.data:auchCRCHi)
                  20000100    00000100     Communication_Handlers.obj (.data:auchCRCLo)
                  20000200    00000008     rtsv7M4_T_le_v4SPD16_eabi.lib : _lock.c.obj (.data:$O1$$)
                  20000208    00000008                                   : memory.c.obj (.data:$O1$$)
                  20000210    00000002     Communication_Handlers.obj (.data)

.stack     0    20000218    00000068     UNINITIALIZED
                  20000218    00000004     rtsv7M4_T_le_v4SPD16_eabi.lib : boot_cortex_m.c.obj (.stack)
                  2000021c    00000064     --HOLE--

.sysmem    0    20000280    00000010     UNINITIALIZED
                  20000280    00000010     rtsv7M4_T_le_v4SPD16_eabi.lib : memory.c.obj (.sysmem)

.bss       0    20000290    0000000c     UNINITIALIZED
                  20000290    00000004     Communication_Handlers.obj (.bss:RxData$1)
                  20000294    00000004     rtsv7M4_T_le_v4SPD16_eabi.lib : new.cpp.obj (.bss)
                  20000298    00000004     (.common:ReceivedCommands)

__llvm_prf_cnts 
*          0    20000000    00000000     UNINITIALIZED

MODULE SUMMARY

       Module                         code   ro data   rw data
       ------                         ----   -------   -------
    .\
       Communication_Handlers.obj     1388   350       522    
       Communication_Interfaces.obj   964    158       0      
       Devices.obj                    954    0         0      
       tm4c123gh6pm_startup_ccs.obj   12     620       0      
       main.obj                       198    0         0      
    +--+------------------------------+------+---------+---------+
       Total:                         3516   1128      522    
                                                              
    C:/ti/TivaWare_C_Series-2.2.0.295/driverlib/ccs/Debug/driverlib.lib
       gpio.obj                       582    144       0      
       sysctl.obj                     418    108       0      
       uart.obj                       178    0         0      
       interrupt.obj                  120    20        0      
       i2c.obj                        110    0         0      
       cpu.obj                        12     0         0      
    +--+------------------------------+------+---------+---------+
       Total:                         1420   272       0      
                                                              
    C:\ti\ccs1120\ccs\tools\compiler\ti-cgt-arm_20.2.5.LTS\lib\rtsv7M4_T_le_v4SPD16_eabi.lib
       memory.c.obj                   672    0         8      
       typeinfo.c.obj                 36     127       0      
       memcpy_t2.asm.obj              156    0         0      
       copy_decompress_lzss.c.obj     104    0         0      
       autoinit.c.obj                 68     0         0      
       new.cpp.obj                    58     0         4      
       boot_cortex_m.c.obj            52     0         0      
       copy_zero_init.c.obj           28     0         0      
       stdlib_typeinfo.cpp.obj        2      21        0      
       copy_decompress_none.c.obj     14     0         0      
       _lock.c.obj                    2      0         8      
       pure_virt.c.obj                6      0         0      
       error.c.obj                    4      0         0      
       exit.c.obj                     4      0         0      
       pre_init.c.obj                 4      0         0      
    +--+------------------------------+------+---------+---------+
       Total:                         1210   148       20     
                                                              
       Heap:                          0      0         16     
       Stack:                         0      0         104    
       Linker Generated:              0      370       0      
    +--+------------------------------+------+---------+---------+
       Grand Total:                   6146   1918      662    


LINKER GENERATED COPY TABLES

__TI_cinit_table @ 00001f88 records: 2, size/record: 8, table size: 16
	.data: load addr=00001e20, load size=0000014e bytes, run addr=20000000, run size=00000212 bytes, compression=lzss
	.bss: load addr=00001f80, load size=00000008 bytes, run addr=20000290, run size=0000000c bytes, compression=zero_init


LINKER GENERATED HANDLER TABLE

__TI_handler_table @ 00001f70 records: 3, size/record: 4, table size: 12
	index: 0, handler: __TI_decompress_lzss
	index: 1, handler: __TI_decompress_none
	index: 2, handler: __TI_zero_init


GLOBAL SYMBOLS: SORTED ALPHABETICALLY BY Name 

address   name                                                                       
-------   ----                                                                       
00001a73  C$$EXIT                                                                    
000019b3  CPUcpsie                                                                   
20000210  DataframeIsFull                                                            
000017f9  GPIODirModeSet                                                             
00000f11  GPIOPadConfigSet                                                           
0000166d  GPIOPinConfigure                                                           
000018c9  GPIOPinTypeGPIOOutput                                                      
00001915  GPIOPinTypeI2C                                                             
0000192b  GPIOPinTypeI2CSCL                                                          
00001941  GPIOPinTypeUART                                                            
00001a41  GPIOPinWrite                                                               
00001a19  I2CMasterBusy                                                              
00001a53  I2CMasterControl                                                           
00001a57  I2CMasterDataPut                                                           
000019f1  I2CMasterEnable                                                            
000016b9  I2CMasterInitExpClk                                                        
00001a21  I2CMasterSlaveAddrSet                                                      
0000154d  IntEnable                                                                  
0000196b  IntMasterEnable                                                            
0000026d  InterruptHandler                                                           
20000298  ReceivedCommands                                                           
000019e5  ResetISR                                                                   
0000107d  SysCtlClockGet                                                             
00001a47  SysCtlDelay                                                                
00001791  SysCtlPeripheralEnable                                                     
0000161d  SysCtlPeripheralReset                                                      
000019fb  UARTCharGet                                                                
00001a05  UARTCharPut                                                                
0000197b  UARTCharsAvail                                                             
00001705  UARTConfigSetExpClk                                                        
00001871  UARTDisable                                                                
00001957  UARTEnable                                                                 
00001a5b  UARTIntClear                                                               
00001a29  UARTIntEnable                                                              
00001a0f  UARTIntStatus                                                              
00000b71  _Z10EnableUART8UART_CFGb                                                   
00000bd5  _Z9EnableI2C7I2C_CFG                                                       
00000ced  _ZN10MODBUS_RTU4ReadEPhi                                                   
00000ca1  _ZN10MODBUS_RTU5WriteEPhi                                                  
00000c29  _ZN10MODBUS_RTUC1E8UART_CFG3PIN                                            
00000c29  _ZN10MODBUS_RTUC2E8UART_CFG3PIN                                            
00001989  _ZN10__cxxabiv117__class_type_infoD0Ev                                     
00001a5f  _ZN10__cxxabiv117__class_type_infoD1Ev                                     
00001a5f  _ZN10__cxxabiv117__class_type_infoD2Ev                                     
00001997  _ZN10__cxxabiv120__si_class_type_infoD0Ev                                  
00001a63  _ZN10__cxxabiv120__si_class_type_infoD1Ev                                  
00001a63  _ZN10__cxxabiv120__si_class_type_infoD2Ev                                  
0000094f  _ZN11MCP4725_DAC15getVoltageLevelEv                                        
0000095d  _ZN11MCP4725_DAC15setVoltageLevelEh                                        
000008e1  _ZN11MCP4725_DACC1Eh                                                       
000008e1  _ZN11MCP4725_DACC2Eh                                                       
0000093d  _ZN11MCP4725_DACD1Ev                                                       
0000093d  _ZN11MCP4725_DACD2Ev                                                       
00000625  _ZN18MCP4725_I2CHandler12SendDatagramEhhtt                                 
00000695  _ZN18MCP4725_I2CHandler15ReceiveDatagramEPhi                               
000005a5  _ZN18MCP4725_I2CHandlerC1Ev                                                
000005a5  _ZN18MCP4725_I2CHandlerC2Ev                                                
000005f9  _ZN18MCP4725_I2CHandlerD1Ev                                                
000005f9  _ZN18MCP4725_I2CHandlerD2Ev                                                
0000070d  _ZN19LabView_UARTHandler12SendDatagramEhhtt                                
0000072d  _ZN19LabView_UARTHandler15ReceiveDatagramEPhi                              
000006a7  _ZN19LabView_UARTHandlerC1Ev                                               
000006a7  _ZN19LabView_UARTHandlerC2Ev                                               
000006fb  _ZN19LabView_UARTHandlerD1Ev                                               
000006fb  _ZN19LabView_UARTHandlerD2Ev                                               
000003b1  _ZN20CFW300_ModbusHandler12SendDatagramEhhtt                               
0000044f  _ZN20CFW300_ModbusHandler15ReceiveDatagramEPhi                             
0000053d  _ZN20CFW300_ModbusHandler5CRC16EPht                                        
00000341  _ZN20CFW300_ModbusHandlerC1Ev                                              
00000341  _ZN20CFW300_ModbusHandlerC2Ev                                              
0000039f  _ZN20CFW300_ModbusHandlerD1Ev                                              
0000039f  _ZN20CFW300_ModbusHandlerD2Ev                                              
000018e5  _ZN21Communication_HandlerC1Ev                                             
000019bf  _ZN21Communication_HandlerC2Ev                                             
000018fd  _ZN23Communication_InterfaceC1Ev                                           
000019cb  _ZN23Communication_InterfaceC2Ev                                           
00000b61  _ZN23LabView_ControlComputer19SendResponseMessageEv                        
00000a7d  _ZN23LabView_ControlComputer22ReceiveLabviewCommandsEv                     
00000a19  _ZN23LabView_ControlComputer3RunEv                                         
0000099f  _ZN23LabView_ControlComputerC1EP11MCP4725_DACP24CFW300_FrequencyInverterS3_
0000099f  _ZN23LabView_ControlComputerC2EP11MCP4725_DACP24CFW300_FrequencyInverterS3_
00000a07  _ZN23LabView_ControlComputerD1Ev                                           
00000a07  _ZN23LabView_ControlComputerD2Ev                                           
00000813  _ZN24CFW300_FrequencyInverter10getMotorONEv                                
00000821  _ZN24CFW300_FrequencyInverter10setMotorONEb                                
00000893  _ZN24CFW300_FrequencyInverter12getVelRef13bEv                              
000008a1  _ZN24CFW300_FrequencyInverter12setVelRef13bEi                              
000007b5  _ZN24CFW300_FrequencyInverterC1Eh                                          
000007b5  _ZN24CFW300_FrequencyInverterC2Eh                                          
00000801  _ZN24CFW300_FrequencyInverterD1Ev                                          
00000801  _ZN24CFW300_FrequencyInverterD2Ev                                          
00000e41  _ZN3I2C4ReadEPhi                                                           
00000d87  _ZN3I2C5WriteEPhi                                                          
00000d29  _ZN3I2CC1E7I2C_CFG                                                         
00000d29  _ZN3I2CC2E7I2C_CFG                                                         
00000ec1  _ZN4UART4ReadEPhi                                                          
00000eab  _ZN4UART5WriteEPhi                                                         
00000e4f  _ZN4UARTC1E8UART_CFG                                                       
00000e4f  _ZN4UARTC2E8UART_CFG                                                       
00000b6f  _ZNSt9type_infoD1Ev                                                        
00000b6f  _ZNSt9type_infoD2Ev                                                        
000019d9  _ZSt15get_new_handlerv                                                     
00001a73  _ZSt17__throw_bad_allocv                                                   
00001d90  _ZTI10MODBUS_RTU                                                           
00001d9c  _ZTI18MCP4725_I2CHandler                                                   
00001da8  _ZTI19LabView_UARTHandler                                                  
00001db4  _ZTI20CFW300_ModbusHandler                                                 
00001df0  _ZTI21Communication_Handler                                                
00001df8  _ZTI23Communication_Interface                                              
00001dc0  _ZTI3I2C                                                                   
00001dcc  _ZTI4UART                                                                  
00001dd8  _ZTIN10__cxxabiv117__class_type_infoE                                      
00001de4  _ZTIN10__cxxabiv120__si_class_type_infoE                                   
00001e00  _ZTISt9type_info                                                           
00001d74  _ZTS10MODBUS_RTU                                                           
00001ca9  _ZTS18MCP4725_I2CHandler                                                   
00001c93  _ZTS19LabView_UARTHandler                                                  
00001c7c  _ZTS20CFW300_ModbusHandler                                                 
00001c64  _ZTS21Communication_Handler                                                
00001c4a  _ZTS23Communication_Interface                                              
00001e16  _ZTS3I2C                                                                   
00001e10  _ZTS4UART                                                                  
00001c28  _ZTSN10__cxxabiv117__class_type_infoE                                      
00001bdc  _ZTSN10__cxxabiv120__si_class_type_infoE                                   
00001d81  _ZTSSt9type_info                                                           
00001cd4  _ZTV10MODBUS_RTU                                                           
00001ce4  _ZTV18MCP4725_I2CHandler                                                   
00001cf4  _ZTV19LabView_UARTHandler                                                  
00001d04  _ZTV20CFW300_ModbusHandler                                                 
00001d14  _ZTV21Communication_Handler                                                
00001d24  _ZTV23Communication_Interface                                              
00001d34  _ZTV3I2C                                                                   
00001d44  _ZTV4UART                                                                  
00001d54  _ZTVN10__cxxabiv117__class_type_infoE                                      
00001d64  _ZTVN10__cxxabiv120__si_class_type_infoE                                   
00001a31  _ZdlPv                                                                     
00001a67  _ZdlPvj                                                                    
0000184d  _Znwj                                                                      
20000280  __STACK_END                                                                
00000068  __STACK_SIZE                                                               
20000418  __STACK_TOP                                                                
00000010  __SYSMEM_SIZE                                                              
00001f88  __TI_CINIT_Base                                                            
00001f98  __TI_CINIT_Limit                                                           
00001f70  __TI_Handler_Table_Base                                                    
00001f7c  __TI_Handler_Table_Limit                                                   
0000174d  __TI_auto_init_nobinit_nopinit                                             
000015b5  __TI_decompress_lzss                                                       
000019a5  __TI_decompress_none                                                       
ffffffff  __TI_pprof_out_hndl                                                        
ffffffff  __TI_prof_data_size                                                        
ffffffff  __TI_prof_data_start                                                       
00000000  __TI_static_base__                                                         
00001891  __TI_zero_init_nomemset                                                    
00001a6b  __abort_execution                                                          
0000143f  __aeabi_memcpy                                                             
0000143f  __aeabi_memcpy4                                                            
0000143f  __aeabi_memcpy8                                                            
ffffffff  __binit__                                                                  
ffffffff  __c_args__                                                                 
00001a4d  __cxa_pure_virtual                                                         
UNDEFED   __mpu_init                                                                 
20000218  __stack                                                                    
20000000  __start___llvm_prf_cnts                                                    
20000000  __stop___llvm_prf_cnts                                                     
000017c5  _c_int00_noargs                                                            
20000200  _lock                                                                      
000014db  _nop                                                                       
20000280  _sys_memory                                                                
UNDEFED   _system_post_cinit                                                         
00001a6f  _system_pre_init                                                           
20000204  _unlock                                                                    
00001a73  abort                                                                      
00001195  aligned_alloc                                                              
ffffffff  binit                                                                      
00001295  free                                                                       
00000000  g_pfnVectors                                                               
00001379  main                                                                       
00001a39  malloc                                                                     
00001195  memalign                                                                   
0000143f  memcpy                                                                     


GLOBAL SYMBOLS: SORTED BY Symbol Address 

address   name                                                                       
-------   ----                                                                       
00000000  __TI_static_base__                                                         
00000000  g_pfnVectors                                                               
00000010  __SYSMEM_SIZE                                                              
00000068  __STACK_SIZE                                                               
0000026d  InterruptHandler                                                           
00000341  _ZN20CFW300_ModbusHandlerC1Ev                                              
00000341  _ZN20CFW300_ModbusHandlerC2Ev                                              
0000039f  _ZN20CFW300_ModbusHandlerD1Ev                                              
0000039f  _ZN20CFW300_ModbusHandlerD2Ev                                              
000003b1  _ZN20CFW300_ModbusHandler12SendDatagramEhhtt                               
0000044f  _ZN20CFW300_ModbusHandler15ReceiveDatagramEPhi                             
0000053d  _ZN20CFW300_ModbusHandler5CRC16EPht                                        
000005a5  _ZN18MCP4725_I2CHandlerC1Ev                                                
000005a5  _ZN18MCP4725_I2CHandlerC2Ev                                                
000005f9  _ZN18MCP4725_I2CHandlerD1Ev                                                
000005f9  _ZN18MCP4725_I2CHandlerD2Ev                                                
00000625  _ZN18MCP4725_I2CHandler12SendDatagramEhhtt                                 
00000695  _ZN18MCP4725_I2CHandler15ReceiveDatagramEPhi                               
000006a7  _ZN19LabView_UARTHandlerC1Ev                                               
000006a7  _ZN19LabView_UARTHandlerC2Ev                                               
000006fb  _ZN19LabView_UARTHandlerD1Ev                                               
000006fb  _ZN19LabView_UARTHandlerD2Ev                                               
0000070d  _ZN19LabView_UARTHandler12SendDatagramEhhtt                                
0000072d  _ZN19LabView_UARTHandler15ReceiveDatagramEPhi                              
000007b5  _ZN24CFW300_FrequencyInverterC1Eh                                          
000007b5  _ZN24CFW300_FrequencyInverterC2Eh                                          
00000801  _ZN24CFW300_FrequencyInverterD1Ev                                          
00000801  _ZN24CFW300_FrequencyInverterD2Ev                                          
00000813  _ZN24CFW300_FrequencyInverter10getMotorONEv                                
00000821  _ZN24CFW300_FrequencyInverter10setMotorONEb                                
00000893  _ZN24CFW300_FrequencyInverter12getVelRef13bEv                              
000008a1  _ZN24CFW300_FrequencyInverter12setVelRef13bEi                              
000008e1  _ZN11MCP4725_DACC1Eh                                                       
000008e1  _ZN11MCP4725_DACC2Eh                                                       
0000093d  _ZN11MCP4725_DACD1Ev                                                       
0000093d  _ZN11MCP4725_DACD2Ev                                                       
0000094f  _ZN11MCP4725_DAC15getVoltageLevelEv                                        
0000095d  _ZN11MCP4725_DAC15setVoltageLevelEh                                        
0000099f  _ZN23LabView_ControlComputerC1EP11MCP4725_DACP24CFW300_FrequencyInverterS3_
0000099f  _ZN23LabView_ControlComputerC2EP11MCP4725_DACP24CFW300_FrequencyInverterS3_
00000a07  _ZN23LabView_ControlComputerD1Ev                                           
00000a07  _ZN23LabView_ControlComputerD2Ev                                           
00000a19  _ZN23LabView_ControlComputer3RunEv                                         
00000a7d  _ZN23LabView_ControlComputer22ReceiveLabviewCommandsEv                     
00000b61  _ZN23LabView_ControlComputer19SendResponseMessageEv                        
00000b6f  _ZNSt9type_infoD1Ev                                                        
00000b6f  _ZNSt9type_infoD2Ev                                                        
00000b71  _Z10EnableUART8UART_CFGb                                                   
00000bd5  _Z9EnableI2C7I2C_CFG                                                       
00000c29  _ZN10MODBUS_RTUC1E8UART_CFG3PIN                                            
00000c29  _ZN10MODBUS_RTUC2E8UART_CFG3PIN                                            
00000ca1  _ZN10MODBUS_RTU5WriteEPhi                                                  
00000ced  _ZN10MODBUS_RTU4ReadEPhi                                                   
00000d29  _ZN3I2CC1E7I2C_CFG                                                         
00000d29  _ZN3I2CC2E7I2C_CFG                                                         
00000d87  _ZN3I2C5WriteEPhi                                                          
00000e41  _ZN3I2C4ReadEPhi                                                           
00000e4f  _ZN4UARTC1E8UART_CFG                                                       
00000e4f  _ZN4UARTC2E8UART_CFG                                                       
00000eab  _ZN4UART5WriteEPhi                                                         
00000ec1  _ZN4UART4ReadEPhi                                                          
00000f11  GPIOPadConfigSet                                                           
0000107d  SysCtlClockGet                                                             
00001195  aligned_alloc                                                              
00001195  memalign                                                                   
00001295  free                                                                       
00001379  main                                                                       
0000143f  __aeabi_memcpy                                                             
0000143f  __aeabi_memcpy4                                                            
0000143f  __aeabi_memcpy8                                                            
0000143f  memcpy                                                                     
000014db  _nop                                                                       
0000154d  IntEnable                                                                  
000015b5  __TI_decompress_lzss                                                       
0000161d  SysCtlPeripheralReset                                                      
0000166d  GPIOPinConfigure                                                           
000016b9  I2CMasterInitExpClk                                                        
00001705  UARTConfigSetExpClk                                                        
0000174d  __TI_auto_init_nobinit_nopinit                                             
00001791  SysCtlPeripheralEnable                                                     
000017c5  _c_int00_noargs                                                            
000017f9  GPIODirModeSet                                                             
0000184d  _Znwj                                                                      
00001871  UARTDisable                                                                
00001891  __TI_zero_init_nomemset                                                    
000018c9  GPIOPinTypeGPIOOutput                                                      
000018e5  _ZN21Communication_HandlerC1Ev                                             
000018fd  _ZN23Communication_InterfaceC1Ev                                           
00001915  GPIOPinTypeI2C                                                             
0000192b  GPIOPinTypeI2CSCL                                                          
00001941  GPIOPinTypeUART                                                            
00001957  UARTEnable                                                                 
0000196b  IntMasterEnable                                                            
0000197b  UARTCharsAvail                                                             
00001989  _ZN10__cxxabiv117__class_type_infoD0Ev                                     
00001997  _ZN10__cxxabiv120__si_class_type_infoD0Ev                                  
000019a5  __TI_decompress_none                                                       
000019b3  CPUcpsie                                                                   
000019bf  _ZN21Communication_HandlerC2Ev                                             
000019cb  _ZN23Communication_InterfaceC2Ev                                           
000019d9  _ZSt15get_new_handlerv                                                     
000019e5  ResetISR                                                                   
000019f1  I2CMasterEnable                                                            
000019fb  UARTCharGet                                                                
00001a05  UARTCharPut                                                                
00001a0f  UARTIntStatus                                                              
00001a19  I2CMasterBusy                                                              
00001a21  I2CMasterSlaveAddrSet                                                      
00001a29  UARTIntEnable                                                              
00001a31  _ZdlPv                                                                     
00001a39  malloc                                                                     
00001a41  GPIOPinWrite                                                               
00001a47  SysCtlDelay                                                                
00001a4d  __cxa_pure_virtual                                                         
00001a53  I2CMasterControl                                                           
00001a57  I2CMasterDataPut                                                           
00001a5b  UARTIntClear                                                               
00001a5f  _ZN10__cxxabiv117__class_type_infoD1Ev                                     
00001a5f  _ZN10__cxxabiv117__class_type_infoD2Ev                                     
00001a63  _ZN10__cxxabiv120__si_class_type_infoD1Ev                                  
00001a63  _ZN10__cxxabiv120__si_class_type_infoD2Ev                                  
00001a67  _ZdlPvj                                                                    
00001a6b  __abort_execution                                                          
00001a6f  _system_pre_init                                                           
00001a73  C$$EXIT                                                                    
00001a73  _ZSt17__throw_bad_allocv                                                   
00001a73  abort                                                                      
00001bdc  _ZTSN10__cxxabiv120__si_class_type_infoE                                   
00001c28  _ZTSN10__cxxabiv117__class_type_infoE                                      
00001c4a  _ZTS23Communication_Interface                                              
00001c64  _ZTS21Communication_Handler                                                
00001c7c  _ZTS20CFW300_ModbusHandler                                                 
00001c93  _ZTS19LabView_UARTHandler                                                  
00001ca9  _ZTS18MCP4725_I2CHandler                                                   
00001cd4  _ZTV10MODBUS_RTU                                                           
00001ce4  _ZTV18MCP4725_I2CHandler                                                   
00001cf4  _ZTV19LabView_UARTHandler                                                  
00001d04  _ZTV20CFW300_ModbusHandler                                                 
00001d14  _ZTV21Communication_Handler                                                
00001d24  _ZTV23Communication_Interface                                              
00001d34  _ZTV3I2C                                                                   
00001d44  _ZTV4UART                                                                  
00001d54  _ZTVN10__cxxabiv117__class_type_infoE                                      
00001d64  _ZTVN10__cxxabiv120__si_class_type_infoE                                   
00001d74  _ZTS10MODBUS_RTU                                                           
00001d81  _ZTSSt9type_info                                                           
00001d90  _ZTI10MODBUS_RTU                                                           
00001d9c  _ZTI18MCP4725_I2CHandler                                                   
00001da8  _ZTI19LabView_UARTHandler                                                  
00001db4  _ZTI20CFW300_ModbusHandler                                                 
00001dc0  _ZTI3I2C                                                                   
00001dcc  _ZTI4UART                                                                  
00001dd8  _ZTIN10__cxxabiv117__class_type_infoE                                      
00001de4  _ZTIN10__cxxabiv120__si_class_type_infoE                                   
00001df0  _ZTI21Communication_Handler                                                
00001df8  _ZTI23Communication_Interface                                              
00001e00  _ZTISt9type_info                                                           
00001e10  _ZTS4UART                                                                  
00001e16  _ZTS3I2C                                                                   
00001f70  __TI_Handler_Table_Base                                                    
00001f7c  __TI_Handler_Table_Limit                                                   
00001f88  __TI_CINIT_Base                                                            
00001f98  __TI_CINIT_Limit                                                           
20000000  __start___llvm_prf_cnts                                                    
20000000  __stop___llvm_prf_cnts                                                     
20000200  _lock                                                                      
20000204  _unlock                                                                    
20000210  DataframeIsFull                                                            
20000218  __stack                                                                    
20000280  __STACK_END                                                                
20000280  _sys_memory                                                                
20000298  ReceivedCommands                                                           
20000418  __STACK_TOP                                                                
ffffffff  __TI_pprof_out_hndl                                                        
ffffffff  __TI_prof_data_size                                                        
ffffffff  __TI_prof_data_start                                                       
ffffffff  __binit__                                                                  
ffffffff  __c_args__                                                                 
ffffffff  binit                                                                      
UNDEFED   __mpu_init                                                                 
UNDEFED   _system_post_cinit                                                         

[181 symbols]
